Component: ARM Compiler 5.05 (build 41) Tool: armlink [4d0eb9]

==============================================================================

Section Cross References

    dfu_mal.o(i.MAL_Erase) refers to flash_if.o(i.FLASH_If_Erase) for FLASH_If_Erase
    dfu_mal.o(i.MAL_Erase) refers to dfu_mal.o(.data) for .data
    dfu_mal.o(i.MAL_GetStatus) refers to dfu_mal.o(.constdata) for .constdata
    dfu_mal.o(i.MAL_Init) refers to flash_if.o(i.FLASH_If_Init) for FLASH_If_Init
    dfu_mal.o(i.MAL_Read) refers to flash_if.o(i.FLASH_If_Read) for FLASH_If_Read
    dfu_mal.o(i.MAL_Read) refers to dfu_mal.o(.data) for .data
    dfu_mal.o(i.MAL_Write) refers to flash_if.o(i.FLASH_If_Write) for FLASH_If_Write
    dfu_mal.o(i.MAL_Write) refers to dfu_mal.o(.data) for .data
    flash_if.o(i.FLASH_If_Erase) refers to stm32l1xx_flash.o(i.FLASH_ClearFlag) for FLASH_ClearFlag
    flash_if.o(i.FLASH_If_Erase) refers to stm32l1xx_flash.o(i.FLASH_ErasePage) for FLASH_ErasePage
    flash_if.o(i.FLASH_If_Write) refers to stm32l1xx_flash_ramfunc.o(i.FLASH_ProgramHalfPage) for FLASH_ProgramHalfPage
    flash_if.o(i.FLASH_If_Write) refers to dfu_mal.o(.bss) for MAL_Buffer
    hw_config.o(i.DFU_Button_Config) refers to stm32l1xx_rcc.o(i.RCC_AHBPeriphClockCmd) for RCC_AHBPeriphClockCmd
    hw_config.o(i.DFU_Button_Config) refers to stm32l1xx_rcc.o(i.RCC_APB2PeriphClockCmd) for RCC_APB2PeriphClockCmd
    hw_config.o(i.DFU_Button_Config) refers to stm32l1xx_gpio.o(i.GPIO_Init) for GPIO_Init
    hw_config.o(i.DFU_Button_Read) refers to stm32l1xx_gpio.o(i.GPIO_ReadInputDataBit) for GPIO_ReadInputDataBit
    hw_config.o(i.Enter_LowPowerMode) refers to usb_pwr.o(.data) for bDeviceState
    hw_config.o(i.Get_SerialNum) refers to hw_config.o(i.IntToUnicode) for IntToUnicode
    hw_config.o(i.Get_SerialNum) refers to usb_desc.o(.data) for DFU_StringSerial
    hw_config.o(i.Leave_LowPowerMode) refers to system_stm32l1xx.o(i.SystemInit) for SystemInit
    hw_config.o(i.Leave_LowPowerMode) refers to usb_init.o(.bss) for Device_Info
    hw_config.o(i.Leave_LowPowerMode) refers to usb_pwr.o(.data) for bDeviceState
    hw_config.o(i.Reset_Device) refers to hw_config.o(i.USB_Cable_Config) for USB_Cable_Config
    hw_config.o(i.Set_System) refers to stm32l1xx_rcc.o(i.RCC_AHBPeriphClockCmd) for RCC_AHBPeriphClockCmd
    hw_config.o(i.Set_System) refers to stm32l1xx_gpio.o(i.GPIO_Init) for GPIO_Init
    hw_config.o(i.Set_System) refers to stm32l1xx_gpio.o(i.GPIO_SetBits) for GPIO_SetBits
    hw_config.o(i.Set_System) refers to stm32l1xx_rcc.o(i.RCC_APB2PeriphClockCmd) for RCC_APB2PeriphClockCmd
    hw_config.o(i.Set_System) refers to stm32l1xx_flash.o(i.FLASH_Unlock) for FLASH_Unlock
    hw_config.o(i.Set_System) refers to dfu_mal.o(i.MAL_Init) for MAL_Init
    hw_config.o(i.Set_System) refers to hw_config.o(i.USB_Cable_Config) for USB_Cable_Config
    hw_config.o(i.Set_System) refers to stm32l1xx_exti.o(i.EXTI_ClearITPendingBit) for EXTI_ClearITPendingBit
    hw_config.o(i.Set_System) refers to stm32l1xx_exti.o(i.EXTI_Init) for EXTI_Init
    hw_config.o(i.Set_System) refers to hw_config.o(.data) for .data
    hw_config.o(i.Set_USBClock) refers to stm32l1xx_rcc.o(i.RCC_APB1PeriphClockCmd) for RCC_APB1PeriphClockCmd
    hw_config.o(i.USB_Cable_Config) refers to stm32l1xx_syscfg.o(i.SYSCFG_USBPuCmd) for SYSCFG_USBPuCmd
    hw_config.o(i.USB_Interrupts_Config) refers to misc.o(i.NVIC_PriorityGroupConfig) for NVIC_PriorityGroupConfig
    hw_config.o(i.USB_Interrupts_Config) refers to misc.o(i.NVIC_Init) for NVIC_Init
    main.o(i.DispSysInfo) refers to xprintf.o(i.xputs) for xputs
    main.o(i.DispSysInfo) refers to xprintf.o(i.xputc) for xputc
    main.o(i.main) refers to hw_config.o(i.DFU_Button_Config) for DFU_Button_Config
    main.o(i.main) refers to bsp_usart.o(i.USART1_init) for USART1_init
    main.o(i.main) refers to main.o(i.DispSysInfo) for DispSysInfo
    main.o(i.main) refers to hw_config.o(i.DFU_Button_Read) for DFU_Button_Read
    main.o(i.main) refers to xprintf.o(i.xprintf) for xprintf
    main.o(i.main) refers to xprintf.o(i.xputs) for xputs
    main.o(i.main) refers to hw_config.o(i.Set_System) for Set_System
    main.o(i.main) refers to hw_config.o(i.Set_USBClock) for Set_USBClock
    main.o(i.main) refers to usb_init.o(i.USB_Init) for USB_Init
    main.o(i.main) refers to main.o(.data) for .data
    usb_istr.o(i.USB_Istr) refers to usb_int.o(i.CTR_LP) for CTR_LP
    usb_istr.o(i.USB_Istr) refers to usb_pwr.o(i.Resume) for Resume
    usb_istr.o(i.USB_Istr) refers to usb_pwr.o(i.Suspend) for Suspend
    usb_istr.o(i.USB_Istr) refers to usb_istr.o(.data) for .data
    usb_istr.o(i.USB_Istr) refers to usb_init.o(.data) for wInterrupt_Mask
    usb_istr.o(i.USB_Istr) refers to usb_prop.o(.data) for Device_Property
    usb_istr.o(i.USB_Istr) refers to usb_pwr.o(.data) for fSuspendEnabled
    usb_istr.o(.data) refers to usb_core.o(i.NOP_Process) for NOP_Process
[...]
    entry.o(.ARM.Collect$$$$00000000) refers (Special) to entry8b.o(.ARM.Collect$$$$0000000A) for _main_cpp_init
    entry.o(.ARM.Collect$$$$00000000) refers (Special) to entry9a.o(.ARM.Collect$$$$0000000B) for _main_init
    entry.o(.ARM.Collect$$$$00000000) refers (Special) to entry5.o(.ARM.Collect$$$$00000004) for _main_scatterload
    entry.o(.ARM.Collect$$$$00000000) refers (Special) to entry2.o(.ARM.Collect$$$$00000001) for _main_stk
    entry2.o(.ARM.Collect$$$$00000001) refers to entry2.o(.ARM.Collect$$$$00002712) for __lit__00000000
    entry2.o(.ARM.Collect$$$$00002712) refers to startup_stm32l1xx_md.o(STACK) for __initial_sp
    entry2.o(__vectab_stack_and_reset_area) refers to startup_stm32l1xx_md.o(STACK) for __initial_sp
    entry2.o(__vectab_stack_and_reset_area) refers to entry.o(.ARM.Collect$$$$00000000) for __main
    entry5.o(.ARM.Collect$$$$00000004) refers to init.o(.text) for __scatterload
    entry9a.o(.ARM.Collect$$$$0000000B) refers to main.o(i.main) for main
    entry9b.o(.ARM.Collect$$$$0000000C) refers to main.o(i.main) for main
    init.o(.text) refers to entry5.o(.ARM.Collect$$$$00000004) for __main_after_scatterload


==============================================================================

Removing Unused input sections from the image.

    Removing misc.o(.rev16_text), (4 bytes).
    Removing misc.o(.revsh_text), (4 bytes).
    Removing misc.o(i.NVIC_SetVectorTable), (20 bytes).
    Removing misc.o(i.NVIC_SystemLPConfig), (24 bytes).
    Removing misc.o(i.SysTick_CLKSourceConfig), (24 bytes).
    Removing dfu_mal.o(.rev16_text), (4 bytes).
    Removing dfu_mal.o(.revsh_text), (4 bytes).
    Removing dfu_mal.o(.data), (4 bytes).
    Removing flash_if.o(.rev16_text), (4 bytes).
    Removing flash_if.o(.revsh_text), (4 bytes).
    Removing flash_if.o(.bss), (128 bytes).
    Removing flash_if.o(.bss), (128 bytes).
    Removing hw_config.o(.rev16_text), (4 bytes).
    Removing hw_config.o(.revsh_text), (4 bytes).
    Removing hw_config.o(i.Enter_LowPowerMode), (12 bytes).
    Removing hw_config.o(.data), (1 bytes).
    Removing main.o(.rev16_text), (4 bytes).
    Removing main.o(.revsh_text), (4 bytes).
    Removing usb_desc.o(.rev16_text), (4 bytes).
    Removing usb_desc.o(.revsh_text), (4 bytes).
    Removing usb_istr.o(.rev16_text), (4 bytes).
    Removing usb_istr.o(.revsh_text), (4 bytes).
    Removing usb_prop.o(.rev16_text), (4 bytes).
    Removing usb_prop.o(.revsh_text), (4 bytes).
    Removing usb_pwr.o(.rev16_text), (4 bytes).
    Removing usb_pwr.o(.revsh_text), (4 bytes).
    Removing usb_pwr.o(i.PowerOff), (32 bytes).
    Removing stm32_it.o(.rev16_text), (4 bytes).
    Removing stm32_it.o(.revsh_text), (4 bytes).
    Removing bsp_usart.o(.rev16_text), (4 bytes).
    Removing bsp_usart.o(.revsh_text), (4 bytes).
    Removing xprintf.o(i.put_dump), (152 bytes).
    Removing xprintf.o(i.xatoi), (156 bytes).
    Removing xprintf.o(i.xfgets), (28 bytes).
    Removing xprintf.o(i.xfprintf), (32 bytes).
    Removing xprintf.o(i.xfputs), (32 bytes).
    Removing xprintf.o(i.xgets), (84 bytes).
    Removing xprintf.o(i.xsprintf), (36 bytes).
    Removing usb_core.o(.rev16_text), (4 bytes).
    Removing usb_core.o(.revsh_text), (4 bytes).
    Removing usb_init.o(.rev16_text), (4 bytes).
    Removing usb_init.o(.revsh_text), (4 bytes).
    Removing usb_init.o(.data), (2 bytes).
    Removing usb_int.o(.rev16_text), (4 bytes).
    Removing usb_int.o(.revsh_text), (4 bytes).
    Removing usb_int.o(i.CTR_HP), (128 bytes).
    Removing usb_mem.o(.rev16_text), (4 bytes).
    Removing usb_mem.o(.revsh_text), (4 bytes).
    Removing usb_regs.o(.rev16_text), (4 bytes).
    Removing usb_regs.o(.revsh_text), (4 bytes).
    Removing usb_regs.o(i.ClearEPDoubleBuff), (32 bytes).
    Removing usb_regs.o(i.ClearEP_CTR_RX), (28 bytes).
    Removing usb_regs.o(i.ClearEP_CTR_TX), (28 bytes).
    Removing usb_regs.o(i.ClearEP_KIND), (32 bytes).
    Removing usb_regs.o(i.FreeUserBuffer), (52 bytes).
    Removing usb_regs.o(i.GetBTABLE), (12 bytes).
    Removing usb_regs.o(i.GetCNTR), (12 bytes).
    Removing usb_regs.o(i.GetDADDR), (12 bytes).
    Removing usb_regs.o(i.GetENDPOINT), (20 bytes).
    Removing usb_regs.o(i.GetEPAddress), (20 bytes).
    Removing usb_regs.o(i.GetEPDblBuf0Addr), (28 bytes).
    Removing usb_regs.o(i.GetEPDblBuf0Count), (32 bytes).
    Removing usb_regs.o(i.GetEPDblBuf1Addr), (32 bytes).
    Removing usb_regs.o(i.GetEPDblBuf1Count), (32 bytes).
    Removing usb_regs.o(i.GetEPDblBufDir), (60 bytes).
    Removing usb_regs.o(i.GetEPRxCount), (32 bytes).
    Removing usb_regs.o(i.GetEPRxStatus), (24 bytes).
    Removing usb_regs.o(i.GetEPTxCount), (32 bytes).
    Removing usb_regs.o(i.GetEPTxStatus), (24 bytes).
    Removing usb_regs.o(i.GetEPType), (24 bytes).
    Removing usb_regs.o(i.GetFNR), (12 bytes).
    Removing usb_regs.o(i.GetISTR), (12 bytes).
    Removing usb_regs.o(i.GetRxStallStatus), (28 bytes).
    Removing usb_regs.o(i.GetTxStallStatus), (28 bytes).
    Removing usb_regs.o(i.SetBTABLE), (16 bytes).
    Removing usb_regs.o(i.SetCNTR), (12 bytes).
    Removing usb_regs.o(i.SetDADDR), (12 bytes).
    Removing usb_regs.o(i.SetDouBleBuffEPStall), (44 bytes).
    Removing usb_regs.o(i.SetENDPOINT), (16 bytes).
    Removing usb_regs.o(i.SetEPAddress), (36 bytes).
    Removing usb_regs.o(i.SetEPCountRxReg), (38 bytes).
    Removing usb_regs.o(i.SetEPDblBuf0Addr), (32 bytes).
    Removing usb_regs.o(i.SetEPDblBuf0Count), (92 bytes).
    Removing usb_regs.o(i.SetEPDblBuf1Addr), (32 bytes).
    Removing usb_regs.o(i.SetEPDblBuf1Count), (92 bytes).
    Removing usb_regs.o(i.SetEPDblBuffAddr), (52 bytes).
    Removing usb_regs.o(i.SetEPDblBuffCount), (164 bytes).
    Removing usb_regs.o(i.SetEPDoubleBuff), (32 bytes).
    Removing usb_regs.o(i.SetEPRxAddr), (32 bytes).
    Removing usb_regs.o(i.SetEPRxStatus), (48 bytes).
    Removing usb_regs.o(i.SetEPTxAddr), (32 bytes).
    Removing usb_regs.o(i.SetEPTxValid), (36 bytes).
    Removing usb_regs.o(i.SetEPType), (28 bytes).
    Removing usb_regs.o(i.SetEP_KIND), (32 bytes).
    Removing usb_regs.o(i.SetISTR), (12 bytes).
    Removing usb_regs.o(i.Set_Status_Out), (32 bytes).
    Removing usb_regs.o(i.ToWord), (6 bytes).
    Removing usb_regs.o(i.ToggleDTOG_RX), (32 bytes).
    Removing usb_regs.o(i.ToggleDTOG_TX), (32 bytes).
    Removing usb_sil.o(.rev16_text), (4 bytes).
    Removing usb_sil.o(.revsh_text), (4 bytes).
    Removing usb_sil.o(i.USB_SIL_Read), (36 bytes).
    Removing usb_sil.o(i.USB_SIL_Write), (38 bytes).
    Removing stm32l1xx_usart.o(.rev16_text), (4 bytes).
    Removing stm32l1xx_usart.o(.revsh_text), (4 bytes).
    Removing stm32l1xx_usart.o(i.USART_ClearITPendingBit), (12 bytes).
    Removing stm32l1xx_usart.o(i.USART_ClockInit), (28 bytes).
    Removing stm32l1xx_usart.o(i.USART_ClockStructInit), (12 bytes).
    Removing stm32l1xx_usart.o(i.USART_DMACmd), (16 bytes).
    Removing stm32l1xx_usart.o(i.USART_GetITStatus), (62 bytes).
    Removing stm32l1xx_usart.o(i.USART_HalfDuplexCmd), (20 bytes).
    Removing stm32l1xx_usart.o(i.USART_ITConfig), (48 bytes).
    Removing stm32l1xx_usart.o(i.USART_IrDACmd), (20 bytes).
    Removing stm32l1xx_usart.o(i.USART_IrDAConfig), (16 bytes).
    Removing stm32l1xx_usart.o(i.USART_LINBreakDetectLengthConfig), (16 bytes).
    Removing stm32l1xx_usart.o(i.USART_LINCmd), (20 bytes).
    Removing stm32l1xx_usart.o(i.USART_OneBitMethodCmd), (20 bytes).
    Removing stm32l1xx_usart.o(i.USART_OverSampling8Cmd), (20 bytes).
    Removing stm32l1xx_usart.o(i.USART_ReceiverWakeUpCmd), (20 bytes).
    Removing stm32l1xx_usart.o(i.USART_SendBreak), (10 bytes).
    Removing stm32l1xx_usart.o(i.USART_SetAddress), (16 bytes).
    Removing stm32l1xx_usart.o(i.USART_SetGuardTime), (16 bytes).
    Removing stm32l1xx_usart.o(i.USART_SetPrescaler), (16 bytes).
    Removing stm32l1xx_usart.o(i.USART_SmartCardCmd), (20 bytes).
    Removing stm32l1xx_usart.o(i.USART_SmartCardNACKCmd), (20 bytes).
    Removing stm32l1xx_usart.o(i.USART_StructInit), (22 bytes).
    Removing stm32l1xx_usart.o(i.USART_WakeUpConfig), (16 bytes).
    Removing stm32l1xx_exti.o(.rev16_text), (4 bytes).
    Removing stm32l1xx_exti.o(.revsh_text), (4 bytes).
    Removing stm32l1xx_exti.o(i.EXTI_ClearFlag), (12 bytes).
    Removing stm32l1xx_exti.o(i.EXTI_DeInit), (36 bytes).
    Removing stm32l1xx_exti.o(i.EXTI_GenerateSWInterrupt), (16 bytes).
    Removing stm32l1xx_exti.o(i.EXTI_GetFlagStatus), (20 bytes).
    Removing stm32l1xx_exti.o(i.EXTI_StructInit), (14 bytes).
    Removing stm32l1xx_flash.o(.rev16_text), (4 bytes).
    Removing stm32l1xx_flash.o(.revsh_text), (4 bytes).
    Removing stm32l1xx_flash.o(i.DATA_EEPROM_EraseByte), (22 bytes).
    Removing stm32l1xx_flash.o(i.DATA_EEPROM_EraseHalfWord), (22 bytes).
    Removing stm32l1xx_flash.o(i.DATA_EEPROM_EraseWord), (22 bytes).
    Removing stm32l1xx_flash.o(i.DATA_EEPROM_FastProgramByte), (84 bytes).
    Removing stm32l1xx_flash.o(i.DATA_EEPROM_FastProgramHalfWord), (112 bytes).
    Removing stm32l1xx_flash.o(i.DATA_EEPROM_FastProgramWord), (48 bytes).
    Removing stm32l1xx_flash.o(i.DATA_EEPROM_FixedTimeProgramCmd), (28 bytes).
    Removing stm32l1xx_flash.o(i.DATA_EEPROM_Lock), (16 bytes).
    Removing stm32l1xx_flash.o(i.DATA_EEPROM_ProgramByte), (70 bytes).
    Removing stm32l1xx_flash.o(i.DATA_EEPROM_ProgramHalfWord), (96 bytes).
    Removing stm32l1xx_flash.o(i.DATA_EEPROM_ProgramWord), (34 bytes).
    Removing stm32l1xx_flash.o(i.FLASH_FastProgramWord), (34 bytes).
    Removing stm32l1xx_flash.o(i.FLASH_GetFlagStatus), (20 bytes).
    Removing stm32l1xx_flash.o(i.FLASH_ITConfig), (24 bytes).
    Removing stm32l1xx_flash.o(i.FLASH_Lock), (16 bytes).
    Removing stm32l1xx_flash.o(i.FLASH_OB_BORConfig), (56 bytes).
    Removing stm32l1xx_flash.o(i.FLASH_OB_BootConfig), (56 bytes).
    Removing stm32l1xx_flash.o(i.FLASH_OB_GetBOR), (16 bytes).
    Removing stm32l1xx_flash.o(i.FLASH_OB_GetRDP), (20 bytes).
    Removing stm32l1xx_flash.o(i.FLASH_OB_GetUser), (16 bytes).
    Removing stm32l1xx_flash.o(i.FLASH_OB_GetWRP), (12 bytes).
    Removing stm32l1xx_flash.o(i.FLASH_OB_GetWRP1), (12 bytes).
    Removing stm32l1xx_flash.o(i.FLASH_OB_GetWRP2), (12 bytes).
    Removing stm32l1xx_flash.o(i.FLASH_OB_Launch), (16 bytes).
    Removing stm32l1xx_flash.o(i.FLASH_OB_Lock), (16 bytes).
    Removing stm32l1xx_flash.o(i.FLASH_OB_RDPConfig), (44 bytes).
    Removing stm32l1xx_flash.o(i.FLASH_OB_Unlock), (40 bytes).
    Removing stm32l1xx_flash.o(i.FLASH_OB_UserConfig), (60 bytes).
    Removing stm32l1xx_flash.o(i.FLASH_OB_WRP1Config), (84 bytes).
    Removing stm32l1xx_flash.o(i.FLASH_OB_WRP2Config), (84 bytes).
    Removing stm32l1xx_flash.o(i.FLASH_OB_WRPConfig), (84 bytes).
    Removing stm32l1xx_flash.o(i.FLASH_PrefetchBufferCmd), (28 bytes).
    Removing stm32l1xx_flash.o(i.FLASH_ReadAccess64Cmd), (28 bytes).
    Removing stm32l1xx_flash.o(i.FLASH_SLEEPPowerDownCmd), (28 bytes).
    Removing stm32l1xx_flash.o(i.FLASH_SetLatency), (20 bytes).
    Removing stm32l1xx_flash_ramfunc.o(.rev16_text), (4 bytes).
    Removing stm32l1xx_flash_ramfunc.o(.revsh_text), (4 bytes).
    Removing stm32l1xx_flash_ramfunc.o(i.DATA_EEPROM_EraseDoubleWord), (96 bytes).
    Removing stm32l1xx_flash_ramfunc.o(i.DATA_EEPROM_ProgramDoubleWord), (100 bytes).
    Removing stm32l1xx_flash_ramfunc.o(i.FLASH_EraseParallelPage), (92 bytes).
    Removing stm32l1xx_flash_ramfunc.o(i.FLASH_ProgramParallelHalfPage), (172 bytes).
    Removing stm32l1xx_flash_ramfunc.o(i.FLASH_RUNPowerDownCmd), (64 bytes).
    Removing stm32l1xx_gpio.o(.rev16_text), (4 bytes).
    Removing stm32l1xx_gpio.o(.revsh_text), (4 bytes).
    Removing stm32l1xx_gpio.o(i.GPIO_DeInit), (204 bytes).
    Removing stm32l1xx_gpio.o(i.GPIO_PinLockConfig), (24 bytes).
    Removing stm32l1xx_gpio.o(i.GPIO_ReadInputData), (4 bytes).
    Removing stm32l1xx_gpio.o(i.GPIO_ReadOutputData), (4 bytes).
    Removing stm32l1xx_gpio.o(i.GPIO_ReadOutputDataBit), (14 bytes).
    Removing stm32l1xx_gpio.o(i.GPIO_ResetBits), (4 bytes).
    Removing stm32l1xx_gpio.o(i.GPIO_StructInit), (18 bytes).
    Removing stm32l1xx_gpio.o(i.GPIO_ToggleBits), (8 bytes).
    Removing stm32l1xx_gpio.o(i.GPIO_Write), (4 bytes).
    Removing stm32l1xx_gpio.o(i.GPIO_WriteBit), (10 bytes).
    Removing stm32l1xx_pwr.o(.rev16_text), (4 bytes).
    Removing stm32l1xx_pwr.o(.revsh_text), (4 bytes).
    Removing stm32l1xx_pwr.o(i.PWR_ClearFlag), (16 bytes).
    Removing stm32l1xx_pwr.o(i.PWR_DeInit), (24 bytes).
    Removing stm32l1xx_pwr.o(i.PWR_EnterLowPowerRunMode), (44 bytes).
    Removing stm32l1xx_pwr.o(i.PWR_EnterSTANDBYMode), (40 bytes).
    Removing stm32l1xx_pwr.o(i.PWR_EnterSTOPMode), (52 bytes).
    Removing stm32l1xx_pwr.o(i.PWR_EnterSleepMode), (44 bytes).
    Removing stm32l1xx_pwr.o(i.PWR_FastWakeUpCmd), (12 bytes).
    Removing stm32l1xx_pwr.o(i.PWR_GetFlagStatus), (20 bytes).
    Removing stm32l1xx_pwr.o(i.PWR_PVDCmd), (12 bytes).
    Removing stm32l1xx_pwr.o(i.PWR_PVDLevelConfig), (20 bytes).
    Removing stm32l1xx_pwr.o(i.PWR_RTCAccessCmd), (12 bytes).
    Removing stm32l1xx_pwr.o(i.PWR_UltraLowPowerCmd), (12 bytes).
    Removing stm32l1xx_pwr.o(i.PWR_VoltageScalingConfig), (24 bytes).
    Removing stm32l1xx_pwr.o(i.PWR_WakeUpPinCmd), (16 bytes).
    Removing stm32l1xx_rcc.o(.rev16_text), (4 bytes).
    Removing stm32l1xx_rcc.o(.revsh_text), (4 bytes).
    Removing stm32l1xx_rcc.o(i.RCC_AHBPeriphClockLPModeCmd), (24 bytes).
    Removing stm32l1xx_rcc.o(i.RCC_AHBPeriphResetCmd), (24 bytes).
    Removing stm32l1xx_rcc.o(i.RCC_APB1PeriphClockLPModeCmd), (24 bytes).
    Removing stm32l1xx_rcc.o(i.RCC_APB2PeriphClockLPModeCmd), (24 bytes).
    Removing stm32l1xx_rcc.o(i.RCC_AdjustHSICalibrationValue), (20 bytes).
    Removing stm32l1xx_rcc.o(i.RCC_AdjustMSICalibrationValue), (12 bytes).
    Removing stm32l1xx_rcc.o(i.RCC_ClearFlag), (16 bytes).
    Removing stm32l1xx_rcc.o(i.RCC_ClearITPendingBit), (12 bytes).
    Removing stm32l1xx_rcc.o(i.RCC_ClockSecuritySystemCmd), (12 bytes).
    Removing stm32l1xx_rcc.o(i.RCC_DeInit), (68 bytes).
    Removing stm32l1xx_rcc.o(i.RCC_GetFlagStatus), (40 bytes).
    Removing stm32l1xx_rcc.o(i.RCC_GetITStatus), (20 bytes).
    Removing stm32l1xx_rcc.o(i.RCC_GetSYSCLKSource), (16 bytes).
    Removing stm32l1xx_rcc.o(i.RCC_HCLKConfig), (20 bytes).
    Removing stm32l1xx_rcc.o(i.RCC_HSEConfig), (16 bytes).
    Removing stm32l1xx_rcc.o(i.RCC_HSICmd), (12 bytes).
    Removing stm32l1xx_rcc.o(i.RCC_ITConfig), (24 bytes).
    Removing stm32l1xx_rcc.o(i.RCC_LSEClockSecuritySystemCmd), (12 bytes).
    Removing stm32l1xx_rcc.o(i.RCC_LSEConfig), (16 bytes).
    Removing stm32l1xx_rcc.o(i.RCC_LSICmd), (12 bytes).
    Removing stm32l1xx_rcc.o(i.RCC_MCOConfig), (12 bytes).
    Removing stm32l1xx_rcc.o(i.RCC_MSICmd), (12 bytes).
    Removing stm32l1xx_rcc.o(i.RCC_MSIRangeConfig), (20 bytes).
    Removing stm32l1xx_rcc.o(i.RCC_PCLK1Config), (20 bytes).
    Removing stm32l1xx_rcc.o(i.RCC_PCLK2Config), (20 bytes).
    Removing stm32l1xx_rcc.o(i.RCC_PLLCmd), (12 bytes).
    Removing stm32l1xx_rcc.o(i.RCC_PLLConfig), (16 bytes).
    Removing stm32l1xx_rcc.o(i.RCC_RTCCLKCmd), (12 bytes).
    Removing stm32l1xx_rcc.o(i.RCC_RTCCLKConfig), (52 bytes).
    Removing stm32l1xx_rcc.o(i.RCC_RTCResetCmd), (12 bytes).
    Removing stm32l1xx_rcc.o(i.RCC_SYSCLKConfig), (20 bytes).
    Removing stm32l1xx_rcc.o(i.RCC_WaitForHSEStartUp), (44 bytes).
    Removing stm32l1xx_syscfg.o(.rev16_text), (4 bytes).
    Removing stm32l1xx_syscfg.o(.revsh_text), (4 bytes).
    Removing stm32l1xx_syscfg.o(i.SYSCFG_DeInit), (22 bytes).
    Removing stm32l1xx_syscfg.o(i.SYSCFG_EXTILineConfig), (40 bytes).
    Removing stm32l1xx_syscfg.o(i.SYSCFG_GetBootMode), (16 bytes).
    Removing stm32l1xx_syscfg.o(i.SYSCFG_MemoryRemapConfig), (12 bytes).
    Removing stm32l1xx_syscfg.o(i.SYSCFG_RIChannelSpeedConfig), (24 bytes).
    Removing stm32l1xx_syscfg.o(i.SYSCFG_RIDeInit), (36 bytes).
    Removing stm32l1xx_syscfg.o(i.SYSCFG_RIHysteresisConfig), (88 bytes).
    Removing stm32l1xx_syscfg.o(i.SYSCFG_RIIOSwitchConfig), (52 bytes).
    Removing stm32l1xx_syscfg.o(i.SYSCFG_RIResistorConfig), (24 bytes).
    Removing stm32l1xx_syscfg.o(i.SYSCFG_RISwitchControlModeCmd), (28 bytes).
    Removing stm32l1xx_syscfg.o(i.SYSCFG_RITIMInputCaptureConfig), (64 bytes).
    Removing stm32l1xx_syscfg.o(i.SYSCFG_RITIMSelect), (20 bytes).
    Removing stm32l1xx_dma.o(.rev16_text), (4 bytes).
    Removing stm32l1xx_dma.o(.revsh_text), (4 bytes).
    Removing stm32l1xx_dma.o(i.DMA_ClearFlag), (24 bytes).
    Removing stm32l1xx_dma.o(i.DMA_ClearITPendingBit), (24 bytes).
    Removing stm32l1xx_dma.o(i.DMA_Cmd), (22 bytes).
    Removing stm32l1xx_dma.o(i.DMA_DeInit), (228 bytes).
    Removing stm32l1xx_dma.o(i.DMA_GetCurrDataCounter), (6 bytes).
    Removing stm32l1xx_dma.o(i.DMA_GetFlagStatus), (32 bytes).
    Removing stm32l1xx_dma.o(i.DMA_GetITStatus), (32 bytes).
    Removing stm32l1xx_dma.o(i.DMA_ITConfig), (16 bytes).
    Removing stm32l1xx_dma.o(i.DMA_Init), (58 bytes).
    Removing stm32l1xx_dma.o(i.DMA_SetCurrDataCounter), (4 bytes).
    Removing stm32l1xx_dma.o(i.DMA_StructInit), (26 bytes).
    Removing system_stm32l1xx.o(.rev16_text), (4 bytes).
    Removing system_stm32l1xx.o(.revsh_text), (4 bytes).
    Removing system_stm32l1xx.o(i.SystemCoreClockUpdate), (140 bytes).
    Removing system_stm32l1xx.o(.data), (29 bytes).
    Removing startup_stm32l1xx_md.o(HEAP), (512 bytes).

272 unused section(s) (total 8318 bytes) removed from the image.

==============================================================================

Adding Veneers to the image

    Adding TT veneer (10 bytes, Long) for call to 'FLASH_ProgramHalfPage' from flash_if.o(i.FLASH_If_Write).

1 Veneer(s) (total 10 bytes) added to the image.

==============================================================================

Image Symbol Table

    Local Symbols

    Symbol Name                              Value     Ov Type        Size  Object(Section)

    ../clib/../cmprslib/zerorunl2.c          0x00000000   Number         0  __dczerorl2.o ABSOLUTE
    ../clib/microlib/init/entry.s            0x00000000   Number         0  entry5.o ABSOLUTE
    ../clib/microlib/init/entry.s            0x00000000   Number         0  entry8a.o ABSOLUTE
    ../clib/microlib/init/entry.s            0x00000000   Number         0  entry7b.o ABSOLUTE
    ../clib/microlib/init/entry.s            0x00000000   Number         0  entry7a.o ABSOLUTE
    ../clib/microlib/init/entry.s            0x00000000   Number         0  entry10b.o ABSOLUTE
    ../clib/microlib/init/entry.s            0x00000000   Number         0  entry10a.o ABSOLUTE
    ../clib/microlib/init/entry.s            0x00000000   Number         0  entry11a.o ABSOLUTE
    ../clib/microlib/init/entry.s            0x00000000   Number         0  entry9b.o ABSOLUTE
    ../clib/microlib/init/entry.s            0x00000000   Number         0  entry11b.o ABSOLUTE
    ../clib/microlib/init/entry.s            0x00000000   Number         0  entry9a.o ABSOLUTE
    ../clib/microlib/init/entry.s            0x00000000   Number         0  entry8b.o ABSOLUTE
    ../clib/microlib/init/entry.s            0x00000000   Number         0  entry.o ABSOLUTE
    ../clib/microlib/init/entry.s            0x00000000   Number         0  entry2.o ABSOLUTE
    ..\Libraries\CMSIS\Device\ST\STM32L1xx\Source\Templates\arm\startup_stm32l1xx_md.s 0x00000000   Number         0  startup_stm32l1xx_md.o ABSOLUTE
    ..\Libraries\STM32L1xx_StdPeriph_Driver\src\misc.c 0x00000000   Number         0  misc.o ABSOLUTE
    ..\Libraries\STM32L1xx_StdPeriph_Driver\src\stm32l1xx_dma.c 0x00000000   Number         0  stm32l1xx_dma.o ABSOLUTE
    ..\Libraries\STM32L1xx_StdPeriph_Driver\src\stm32l1xx_exti.c 0x00000000   Number         0  stm32l1xx_exti.o ABSOLUTE
    ..\Libraries\STM32L1xx_StdPeriph_Driver\src\stm32l1xx_flash.c 0x00000000   Number         0  stm32l1xx_flash.o ABSOLUTE
    ..\Libraries\STM32L1xx_StdPeriph_Driver\src\stm32l1xx_flash_ramfunc.c 0x00000000   Number         0  stm32l1xx_flash_ramfunc.o ABSOLUTE
    ..\Libraries\STM32L1xx_StdPeriph_Driver\src\stm32l1xx_gpio.c 0x00000000   Number         0  stm32l1xx_gpio.o ABSOLUTE
    ..\Libraries\STM32L1xx_StdPeriph_Driver\src\stm32l1xx_pwr.c 0x00000000   Number         0  stm32l1xx_pwr.o ABSOLUTE
    ..\Libraries\STM32L1xx_StdPeriph_Driver\src\stm32l1xx_rcc.c 0x00000000   Number         0  stm32l1xx_rcc.o ABSOLUTE
    ..\Libraries\STM32L1xx_StdPeriph_Driver\src\stm32l1xx_syscfg.c 0x00000000   Number         0  stm32l1xx_syscfg.o ABSOLUTE
    ..\Libraries\STM32L1xx_StdPeriph_Driver\src\stm32l1xx_usart.c 0x00000000   Number         0  stm32l1xx_usart.o ABSOLUTE
    ..\Libraries\STM32_USB-FS-Device_Driver\src\usb_core.c 0x00000000   Number         0  usb_core.o ABSOLUTE
    ..\Libraries\STM32_USB-FS-Device_Driver\src\usb_init.c 0x00000000   Number         0  usb_init.o ABSOLUTE
    ..\Libraries\STM32_USB-FS-Device_Driver\src\usb_int.c 0x00000000   Number         0  usb_int.o ABSOLUTE
    ..\Libraries\STM32_USB-FS-Device_Driver\src\usb_mem.c 0x00000000   Number         0  usb_mem.o ABSOLUTE
    ..\Libraries\STM32_USB-FS-Device_Driver\src\usb_regs.c 0x00000000   Number         0  usb_regs.o ABSOLUTE
    ..\Libraries\STM32_USB-FS-Device_Driver\src\usb_sil.c 0x00000000   Number         0  usb_sil.o ABSOLUTE
    ..\User\src\dfu_mal.c                    0x00000000   Number         0  dfu_mal.o ABSOLUTE
    ..\User\src\flash_if.c                   0x00000000   Number         0  flash_if.o ABSOLUTE
    ..\User\src\hw_config.c                  0x00000000   Number         0  hw_config.o ABSOLUTE
    ..\User\src\main.c                       0x00000000   Number         0  main.o ABSOLUTE
    ..\User\src\stm32_it.c                   0x00000000   Number         0  stm32_it.o ABSOLUTE
    ..\User\src\system_stm32l1xx.c           0x00000000   Number         0  system_stm32l1xx.o ABSOLUTE
    ..\User\src\usb_desc.c                   0x00000000   Number         0  usb_desc.o ABSOLUTE
    ..\User\src\usb_istr.c                   0x00000000   Number         0  usb_istr.o ABSOLUTE
    ..\User\src\usb_prop.c                   0x00000000   Number         0  usb_prop.o ABSOLUTE
    ..\User\src\usb_pwr.c                    0x00000000   Number         0  usb_pwr.o ABSOLUTE
    ..\\Libraries\\STM32L1xx_StdPeriph_Driver\\src\\misc.c 0x00000000   Number         0  misc.o ABSOLUTE
    ..\\Libraries\\STM32L1xx_StdPeriph_Driver\\src\\stm32l1xx_dma.c 0x00000000   Number         0  stm32l1xx_dma.o ABSOLUTE
    ..\\Libraries\\STM32L1xx_StdPeriph_Driver\\src\\stm32l1xx_exti.c 0x00000000   Number         0  stm32l1xx_exti.o ABSOLUTE
    ..\\Libraries\\STM32L1xx_StdPeriph_Driver\\src\\stm32l1xx_flash.c 0x00000000   Number         0  stm32l1xx_flash.o ABSOLUTE
    ..\\Libraries\\STM32L1xx_StdPeriph_Driver\\src\\stm32l1xx_flash_ramfunc.c 0x00000000   Number         0  stm32l1xx_flash_ramfunc.o ABSOLUTE
    ..\\Libraries\\STM32L1xx_StdPeriph_Driver\\src\\stm32l1xx_gpio.c 0x00000000   Number         0  stm32l1xx_gpio.o ABSOLUTE
    ..\\Libraries\\STM32L1xx_StdPeriph_Driver\\src\\stm32l1xx_pwr.c 0x00000000   Number         0  stm32l1xx_pwr.o ABSOLUTE
    ..\\Libraries\\STM32L1xx_StdPeriph_Driver\\src\\stm32l1xx_rcc.c 0x00000000   Number         0  stm32l1xx_rcc.o ABSOLUTE
    ..\\Libraries\\STM32L1xx_StdPeriph_Driver\\src\\stm32l1xx_syscfg.c 0x00000000   Number         0  stm32l1xx_syscfg.o ABSOLUTE
    ..\\Libraries\\STM32L1xx_StdPeriph_Driver\\src\\stm32l1xx_usart.c 0x00000000   Number         0  stm32l1xx_usart.o ABSOLUTE
    ..\\Libraries\\STM32_USB-FS-Device_Driver\\src\\usb_core.c 0x00000000   Number         0  usb_core.o ABSOLUTE
    ..\\Libraries\\STM32_USB-FS-Device_Driver\\src\\usb_init.c 0x00000000   Number         0  usb_init.o ABSOLUTE
    ..\\Libraries\\STM32_USB-FS-Device_Driver\\src\\usb_int.c 0x00000000   Number         0  usb_int.o ABSOLUTE
    ..\\Libraries\\STM32_USB-FS-Device_Driver\\src\\usb_mem.c 0x00000000   Number         0  usb_mem.o ABSOLUTE
    ..\\Libraries\\STM32_USB-FS-Device_Driver\\src\\usb_regs.c 0x00000000   Number         0  usb_regs.o ABSOLUTE
    ..\\Libraries\\STM32_USB-FS-Device_Driver\\src\\usb_sil.c 0x00000000   Number         0  usb_sil.o ABSOLUTE
    ..\\User\\src\\dfu_mal.c                 0x00000000   Number         0  dfu_mal.o ABSOLUTE
    ..\\User\\src\\flash_if.c                0x00000000   Number         0  flash_if.o ABSOLUTE
    ..\\User\\src\\hw_config.c               0x00000000   Number         0  hw_config.o ABSOLUTE
    ..\\User\\src\\main.c                    0x00000000   Number         0  main.o ABSOLUTE
    ..\\User\\src\\stm32_it.c                0x00000000   Number         0  stm32_it.o ABSOLUTE
    ..\\User\\src\\system_stm32l1xx.c        0x00000000   Number         0  system_stm32l1xx.o ABSOLUTE
    ..\\User\\src\\usb_desc.c                0x00000000   Number         0  usb_desc.o ABSOLUTE
    ..\\User\\src\\usb_istr.c                0x00000000   Number         0  usb_istr.o ABSOLUTE
    ..\\User\\src\\usb_prop.c                0x00000000   Number         0  usb_prop.o ABSOLUTE
    ..\\User\\src\\usb_pwr.c                 0x00000000   Number         0  usb_pwr.o ABSOLUTE
    ..\\utility\\bsp_usart.c                 0x00000000   Number         0  bsp_usart.o ABSOLUTE
    ..\utility\bsp_usart.c                   0x00000000   Number         0  bsp_usart.o ABSOLUTE
    ..\utility\xprintf.c                     0x00000000   Number         0  xprintf.o ABSOLUTE
    dc.s                                     0x00000000   Number         0  dc.o ABSOLUTE
    handlers.s                               0x00000000   Number         0  handlers.o ABSOLUTE
    init.s                                   0x00000000   Number         0  init.o ABSOLUTE
    RESET                                    0x08000000   Section      244  startup_stm32l1xx_md.o(RESET)
    .ARM.Collect$$$$00000000                 0x080000f4   Section        0  entry.o(.ARM.Collect$$$$00000000)
    .ARM.Collect$$$$00000001                 0x080000f4   Section        4  entry2.o(.ARM.Collect$$$$00000001)
    .ARM.Collect$$$$00000004                 0x080000f8   Section        4  entry5.o(.ARM.Collect$$$$00000004)
    .ARM.Collect$$$$00000008                 0x080000fc   Section        0  entry7b.o(.ARM.Collect$$$$00000008)
    .ARM.Collect$$$$0000000A                 0x080000fc   Section        0  entry8b.o(.ARM.Collect$$$$0000000A)
    .ARM.Collect$$$$0000000B                 0x080000fc   Section        8  entry9a.o(.ARM.Collect$$$$0000000B)
    .ARM.Collect$$$$0000000D                 0x08000104   Section        0  entry10a.o(.ARM.Collect$$$$0000000D)
    .ARM.Collect$$$$0000000F                 0x08000104   Section        0  entry11a.o(.ARM.Collect$$$$0000000F)
    .ARM.Collect$$$$00002712                 0x08000104   Section        4  entry2.o(.ARM.Collect$$$$00002712)
    __lit__00000000                          0x08000104   Data           4  entry2.o(.ARM.Collect$$$$00002712)
    .text                                    0x08000108   Section       36  startup_stm32l1xx_md.o(.text)
    .text                                    0x0800012c   Section       36  init.o(.text)
    .text                                    0x08000150   Section        0  __dczerorl2.o(.text)
    i.BusFault_Handler                       0x080001b0   Section        0  stm32_it.o(i.BusFault_Handler)
    i.ByteSwap                               0x080001b2   Section        0  usb_regs.o(i.ByteSwap)
    i.CTR_LP                                 0x080001bc   Section        0  usb_int.o(i.CTR_LP)
    i.ClearDTOG_RX                           0x08000318   Section        0  usb_regs.o(i.ClearDTOG_RX)
    i.ClearDTOG_TX                           0x08000340   Section        0  usb_regs.o(i.ClearDTOG_TX)
    i.Clear_Status_Out                       0x08000368   Section        0  usb_regs.o(i.Clear_Status_Out)
    i.DATA_EEPROM_Unlock                     0x08000388   Section        0  stm32l1xx_flash.o(i.DATA_EEPROM_Unlock)
    i.DFU_Button_Config                      0x080003ac   Section        0  hw_config.o(i.DFU_Button_Config)
    i.DFU_Button_Read                        0x080003dc   Section        0  hw_config.o(i.DFU_Button_Read)
    i.DFU_Data_Setup                         0x080003ec   Section        0  usb_prop.o(i.DFU_Data_Setup)
    i.DFU_GetConfigDescriptor                0x08000460   Section        0  usb_prop.o(i.DFU_GetConfigDescriptor)
    i.DFU_GetDeviceDescriptor                0x0800046c   Section        0  usb_prop.o(i.DFU_GetDeviceDescriptor)
    i.DFU_GetStringDescriptor                0x08000478   Section        0  usb_prop.o(i.DFU_GetStringDescriptor)
    i.DFU_Get_Interface_Setting              0x08000498   Section        0  usb_prop.o(i.DFU_Get_Interface_Setting)
    i.DFU_NoData_Setup                       0x080004a8   Section        0  usb_prop.o(i.DFU_NoData_Setup)
    i.DFU_Reset                              0x08000560   Section        0  usb_prop.o(i.DFU_Reset)
    i.DFU_SetConfiguration                   0x08000600   Section        0  usb_prop.o(i.DFU_SetConfiguration)
    i.DFU_SetDeviceAddress                   0x08000618   Section        0  usb_prop.o(i.DFU_SetDeviceAddress)
    i.DFU_Status_In                          0x08000624   Section        0  usb_prop.o(i.DFU_Status_In)
    i.DFU_Status_Out                         0x08000628   Section        0  usb_prop.o(i.DFU_Status_Out)
    i.DFU_init                               0x080006c4   Section        0  usb_prop.o(i.DFU_init)
    i.DFU_write_crc                          0x080006ec   Section        0  usb_prop.o(i.DFU_write_crc)
    i.DNLOAD                                 0x0800072c   Section        0  usb_prop.o(i.DNLOAD)
    i.DataStageIn                            0x08000780   Section        0  usb_core.o(i.DataStageIn)
    DataStageIn                              0x08000781   Thumb Code   156  usb_core.o(i.DataStageIn)
    i.DataStageOut                           0x08000834   Section        0  usb_core.o(i.DataStageOut)
    DataStageOut                             0x08000835   Thumb Code   142  usb_core.o(i.DataStageOut)
    i.Data_Setup0                            0x080008d8   Section        0  usb_core.o(i.Data_Setup0)
    Data_Setup0                              0x080008d9   Thumb Code   376  usb_core.o(i.Data_Setup0)
    i.DebugMon_Handler                       0x08000a74   Section        0  stm32_it.o(i.DebugMon_Handler)
    i.DispSysInfo                            0x08000a78   Section        0  main.o(i.DispSysInfo)
    i.EXTI0_IRQHandler                       0x08000ba4   Section        0  stm32_it.o(i.EXTI0_IRQHandler)
    i.EXTI_ClearITPendingBit                 0x08000bd0   Section        0  stm32l1xx_exti.o(i.EXTI_ClearITPendingBit)
    i.EXTI_GetITStatus                       0x08000bdc   Section        0  stm32l1xx_exti.o(i.EXTI_GetITStatus)
    i.EXTI_Init                              0x08000bfc   Section        0  stm32l1xx_exti.o(i.EXTI_Init)
    i.FLASH_ClearFlag                        0x08000c6c   Section        0  stm32l1xx_flash.o(i.FLASH_ClearFlag)
    i.FLASH_ErasePage                        0x08000c78   Section        0  stm32l1xx_flash.o(i.FLASH_ErasePage)
    i.FLASH_GetStatus                        0x08000cbc   Section        0  stm32l1xx_flash.o(i.FLASH_GetStatus)
    i.FLASH_If_Erase                         0x08000ce4   Section        0  flash_if.o(i.FLASH_If_Erase)
    i.FLASH_If_Init                          0x08000cfa   Section        0  flash_if.o(i.FLASH_If_Init)
    i.FLASH_If_Read                          0x08000cfe   Section        0  flash_if.o(i.FLASH_If_Read)
    i.FLASH_If_Write                         0x08000d00   Section        0  flash_if.o(i.FLASH_If_Write)
    i.FLASH_Unlock                           0x08000d7c   Section        0  stm32l1xx_flash.o(i.FLASH_Unlock)
    i.FLASH_WaitForLastOperation             0x08000da4   Section        0  stm32l1xx_flash.o(i.FLASH_WaitForLastOperation)
    i.GETSTATE                               0x08000de0   Section        0  usb_prop.o(i.GETSTATE)
    i.GETSTATUS                              0x08000dfc   Section        0  usb_prop.o(i.GETSTATUS)
    i.GPIO_Init                              0x08000e98   Section        0  stm32l1xx_gpio.o(i.GPIO_Init)
    i.GPIO_PinAFConfig                       0x08000f36   Section        0  stm32l1xx_gpio.o(i.GPIO_PinAFConfig)
    i.GPIO_ReadInputDataBit                  0x08000f56   Section        0  stm32l1xx_gpio.o(i.GPIO_ReadInputDataBit)
    i.GPIO_SetBits                           0x08000f64   Section        0  stm32l1xx_gpio.o(i.GPIO_SetBits)
    i.GetEPRxAddr                            0x08000f68   Section        0  usb_regs.o(i.GetEPRxAddr)
    i.GetEPTxAddr                            0x08000f88   Section        0  usb_regs.o(i.GetEPTxAddr)
    i.Get_SerialNum                          0x08000fa4   Section        0  hw_config.o(i.Get_SerialNum)
    i.HardFault_Handler                      0x08000fd4   Section        0  stm32_it.o(i.HardFault_Handler)
    i.In0_Process                            0x08000fd8   Section        0  usb_core.o(i.In0_Process)
    i.IntToUnicode                           0x08001034   Section        0  hw_config.o(i.IntToUnicode)
    IntToUnicode                             0x08001035   Thumb Code    56  hw_config.o(i.IntToUnicode)
    i.Leave_LowPowerMode                     0x0800106c   Section        0  hw_config.o(i.Leave_LowPowerMode)
    i.MAL_Erase                              0x08001088   Section        0  dfu_mal.o(i.MAL_Erase)
    i.MAL_GetStatus                          0x080010a8   Section        0  dfu_mal.o(i.MAL_GetStatus)
    i.MAL_Init                               0x080010d0   Section        0  dfu_mal.o(i.MAL_Init)
    i.MAL_Read                               0x080010dc   Section        0  dfu_mal.o(i.MAL_Read)
    i.MAL_Write                              0x080010fc   Section        0  dfu_mal.o(i.MAL_Write)
    i.MemManage_Handler                      0x0800111c   Section        0  stm32_it.o(i.MemManage_Handler)
    i.NMI_Handler                            0x0800111e   Section        0  stm32_it.o(i.NMI_Handler)
    i.NOP_Process                            0x08001120   Section        0  usb_core.o(i.NOP_Process)
    i.NVIC_Init                              0x08001124   Section        0  misc.o(i.NVIC_Init)
    i.NVIC_PriorityGroupConfig               0x08001188   Section        0  misc.o(i.NVIC_PriorityGroupConfig)
    i.NoData_Setup0                          0x0800119c   Section        0  usb_core.o(i.NoData_Setup0)
    NoData_Setup0                            0x0800119d   Thumb Code   190  usb_core.o(i.NoData_Setup0)
    i.Out0_Process                           0x08001270   Section        0  usb_core.o(i.Out0_Process)
    i.PMAToUserBufferCopy                    0x080012b8   Section        0  usb_mem.o(i.PMAToUserBufferCopy)
    i.PendSV_Handler                         0x080012d8   Section        0  stm32_it.o(i.PendSV_Handler)
    i.Post0_Process                          0x080012dc   Section        0  usb_core.o(i.Post0_Process)
    i.PowerOn                                0x08001320   Section        0  usb_pwr.o(i.PowerOn)
    i.RCC_AHBPeriphClockCmd                  0x0800134c   Section        0  stm32l1xx_rcc.o(i.RCC_AHBPeriphClockCmd)
    i.RCC_APB1PeriphClockCmd                 0x08001364   Section        0  stm32l1xx_rcc.o(i.RCC_APB1PeriphClockCmd)
    i.RCC_APB1PeriphResetCmd                 0x0800137c   Section        0  stm32l1xx_rcc.o(i.RCC_APB1PeriphResetCmd)
    i.RCC_APB2PeriphClockCmd                 0x08001394   Section        0  stm32l1xx_rcc.o(i.RCC_APB2PeriphClockCmd)
    i.RCC_APB2PeriphResetCmd                 0x080013ac   Section        0  stm32l1xx_rcc.o(i.RCC_APB2PeriphResetCmd)
    i.RCC_GetClocksFreq                      0x080013c4   Section        0  stm32l1xx_rcc.o(i.RCC_GetClocksFreq)
    i.Reset_Device                           0x0800146c   Section        0  hw_config.o(i.Reset_Device)
    i.Resume                                 0x08001494   Section        0  usb_pwr.o(i.Resume)
    i.Resume_Init                            0x08001528   Section        0  usb_pwr.o(i.Resume_Init)
    i.SVC_Handler                            0x08001548   Section        0  stm32_it.o(i.SVC_Handler)
    i.SYSCFG_USBPuCmd                        0x0800154c   Section        0  stm32l1xx_syscfg.o(i.SYSCFG_USBPuCmd)
    i.SetDeviceAddress                       0x08001568   Section        0  usb_core.o(i.SetDeviceAddress)
    i.SetEPRxCount                           0x080015b0   Section        0  usb_regs.o(i.SetEPRxCount)
    i.SetEPRxValid                           0x080015f0   Section        0  usb_regs.o(i.SetEPRxValid)
    i.SetEPTxCount                           0x08001614   Section        0  usb_regs.o(i.SetEPTxCount)
    i.SetEPTxStatus                          0x08001630   Section        0  usb_regs.o(i.SetEPTxStatus)
    i.SetSysClock                            0x08001660   Section        0  system_stm32l1xx.o(i.SetSysClock)
    SetSysClock                              0x08001661   Thumb Code   184  system_stm32l1xx.o(i.SetSysClock)
    i.Set_System                             0x08001724   Section        0  hw_config.o(i.Set_System)
    i.Set_USBClock                           0x08001794   Section        0  hw_config.o(i.Set_USBClock)
    i.Setup0_Process                         0x0800179c   Section        0  usb_core.o(i.Setup0_Process)
    i.Standard_ClearFeature                  0x08001804   Section        0  usb_core.o(i.Standard_ClearFeature)
    i.Standard_GetConfiguration              0x08001900   Section        0  usb_core.o(i.Standard_GetConfiguration)
    i.Standard_GetDescriptorData             0x08001928   Section        0  usb_core.o(i.Standard_GetDescriptorData)
    i.Standard_GetInterface                  0x08001944   Section        0  usb_core.o(i.Standard_GetInterface)
    i.Standard_GetStatus                     0x0800196c   Section        0  usb_core.o(i.Standard_GetStatus)
    i.Standard_SetConfiguration              0x08001a00   Section        0  usb_core.o(i.Standard_SetConfiguration)
    i.Standard_SetDeviceFeature              0x08001a38   Section        0  usb_core.o(i.Standard_SetDeviceFeature)
    i.Standard_SetEndPointFeature            0x08001a5c   Section        0  usb_core.o(i.Standard_SetEndPointFeature)
    i.Standard_SetInterface                  0x08001ae4   Section        0  usb_core.o(i.Standard_SetInterface)
    i.Suspend                                0x08001b2c   Section        0  usb_pwr.o(i.Suspend)
    i.SysTick_Handler                        0x08001bf0   Section        0  stm32_it.o(i.SysTick_Handler)
    i.SystemInit                             0x08001bf4   Section        0  system_stm32l1xx.o(i.SystemInit)
    i.UPLOAD                                 0x08001c48   Section        0  usb_prop.o(i.UPLOAD)
    i.USART1_getch                           0x08001d10   Section        0  bsp_usart.o(i.USART1_getch)
    i.USART1_init                            0x08001d30   Section        0  bsp_usart.o(i.USART1_init)
    i.USART1_putc                            0x08001df0   Section        0  bsp_usart.o(i.USART1_putc)
    i.USART_ClearFlag                        0x08001e14   Section        0  stm32l1xx_usart.o(i.USART_ClearFlag)
    i.USART_Cmd                              0x08001e1a   Section        0  stm32l1xx_usart.o(i.USART_Cmd)
    i.USART_DeInit                           0x08001e30   Section        0  stm32l1xx_usart.o(i.USART_DeInit)
    i.USART_GetFlagStatus                    0x08001ea4   Section        0  stm32l1xx_usart.o(i.USART_GetFlagStatus)
    i.USART_Init                             0x08001eb4   Section        0  stm32l1xx_usart.o(i.USART_Init)
    i.USART_ReceiveData                      0x08001f58   Section        0  stm32l1xx_usart.o(i.USART_ReceiveData)
    i.USART_SendData                         0x08001f60   Section        0  stm32l1xx_usart.o(i.USART_SendData)
    i.USB_Cable_Config                       0x08001f68   Section        0  hw_config.o(i.USB_Cable_Config)
    i.USB_FS_WKUP_IRQHandler                 0x08001f70   Section        0  stm32_it.o(i.USB_FS_WKUP_IRQHandler)
    i.USB_Init                               0x08001f78   Section        0  usb_init.o(i.USB_Init)
    i.USB_Interrupts_Config                  0x08001fa0   Section        0  hw_config.o(i.USB_Interrupts_Config)
    i.USB_Istr                               0x08001fe0   Section        0  usb_istr.o(i.USB_Istr)
    i.USB_LP_IRQHandler                      0x08002128   Section        0  stm32_it.o(i.USB_LP_IRQHandler)
    i.USB_SIL_Init                           0x0800212c   Section        0  usb_sil.o(i.USB_SIL_Init)
    i.UsageFault_Handler                     0x0800214c   Section        0  stm32_it.o(i.UsageFault_Handler)
    i.UserToPMABufferCopy                    0x08002150   Section        0  usb_mem.o(i.UserToPMABufferCopy)
    i.__scatterload_copy                     0x0800217c   Section       14  handlers.o(i.__scatterload_copy)
    i.__scatterload_null                     0x0800218a   Section        2  handlers.o(i.__scatterload_null)
    i.__scatterload_zeroinit                 0x0800218c   Section       14  handlers.o(i.__scatterload_zeroinit)
    i.main                                   0x0800219c   Section        0  main.o(i.main)
    i.xprintf                                0x0800225c   Section        0  xprintf.o(i.xprintf)
    i.xputc                                  0x08002270   Section        0  xprintf.o(i.xputc)
    i.xputs                                  0x080022a0   Section        0  xprintf.o(i.xputs)
    i.xvprintf                               0x080022b4   Section        0  xprintf.o(i.xvprintf)
    xvprintf                                 0x080022b5   Thumb Code   408  xprintf.o(i.xvprintf)
    .constdata                               0x0800244c   Section       20  dfu_mal.o(.constdata)
    TimingTable                              0x0800244c   Data          20  dfu_mal.o(.constdata)
    i.FLASH_ProgramHalfPage                  0x20000000   Section        0  stm32l1xx_flash_ramfunc.o(i.FLASH_ProgramHalfPage)
    i.GetStatus                              0x20000070   Section        0  stm32l1xx_flash_ramfunc.o(i.GetStatus)
    GetStatus                                0x20000071   Thumb Code    36  stm32l1xx_flash_ramfunc.o(i.GetStatus)
    i.WaitForLastOperation                   0x20000098   Section        0  stm32l1xx_flash_ramfunc.o(i.WaitForLastOperation)
    WaitForLastOperation                     0x20000099   Thumb Code    58  stm32l1xx_flash_ramfunc.o(i.WaitForLastOperation)
    .data                                    0x200000d4   Section       12  dfu_mal.o(.data)
    .data                                    0x200000e0   Section        8  hw_config.o(.data)
    .data                                    0x200000e8   Section       18  main.o(.data)
    .data                                    0x200000fa   Section       18  usb_desc.o(.data)
    .data                                    0x2000010c   Section       27  usb_desc.o(.data)
    .data                                    0x20000127   Section        4  usb_desc.o(.data)
    .data                                    0x2000012b   Section       38  usb_desc.o(.data)
    .data                                    0x20000151   Section       20  usb_desc.o(.data)
    .data                                    0x20000165   Section       26  usb_desc.o(.data)
    .data                                    0x2000017f   Section       98  usb_desc.o(.data)
    .data                                    0x200001e4   Section       12  usb_istr.o(.data)
    .data                                    0x200001f0   Section       28  usb_istr.o(.data)
    .data                                    0x2000020c   Section       28  usb_istr.o(.data)
    .data                                    0x20000228   Section      120  usb_prop.o(.data)
    .data                                    0x200002a0   Section        2  usb_prop.o(.data)
    .data                                    0x200002a4   Section       36  usb_prop.o(.data)
    .data                                    0x200002c8   Section        4  usb_pwr.o(.data)
    .data                                    0x200002cc   Section        1  usb_pwr.o(.data)
    .data                                    0x200002d0   Section        8  usb_pwr.o(.data)
    .data                                    0x200002d8   Section       12  xprintf.o(.data)
    outptr                                   0x200002dc   Data           4  xprintf.o(.data)
    .data                                    0x200002e4   Section        4  usb_core.o(.data)
    .data                                    0x200002e8   Section        1  usb_init.o(.data)
    .data                                    0x200002ec   Section       12  usb_init.o(.data)
    .data                                    0x200002f8   Section        2  usb_init.o(.data)
    .data                                    0x200002fa   Section        4  usb_int.o(.data)
    .data                                    0x200002fe   Section       25  stm32l1xx_rcc.o(.data)
    PLLMulTable                              0x200002fe   Data           9  stm32l1xx_rcc.o(.data)
    APBAHBPrescTable                         0x20000307   Data          16  stm32l1xx_rcc.o(.data)
    .bss                                     0x20000318   Section     1024  dfu_mal.o(.bss)
    .bss                                     0x20000718   Section       32  usb_pwr.o(.bss)
    .bss                                     0x20000738   Section       28  usb_init.o(.bss)
    STACK                                    0x20000758   Section     1024  startup_stm32l1xx_md.o(STACK)

    Global Symbols

    Symbol Name                              Value     Ov Type        Size  Object(Section)

    BuildAttributes$$THM_ISAv4$P$D$K$B$S$PE$A:L22UL41UL21$X:L11$S22US41US21$IEEE1$IW$USESV6$~STKCKD$USESV7$~SHL$OSPACE$EBA8$MICROLIB$REQ8$PRES8$EABIv2 0x00000000   Number         0  anon$$obj.o ABSOLUTE
    __ARM_use_no_argv                        0x00000000   Number         0  main.o ABSOLUTE
    __cpp_initialize__aeabi_                  - Undefined Weak Reference
    __cxa_finalize                            - Undefined Weak Reference
    _clock_init                               - Undefined Weak Reference
    _microlib_exit                            - Undefined Weak Reference
    __Vectors_Size                           0x000000f4   Number         0  startup_stm32l1xx_md.o ABSOLUTE
    __Vectors                                0x08000000   Data           4  startup_stm32l1xx_md.o(RESET)
    __Vectors_End                            0x080000f4   Data           0  startup_stm32l1xx_md.o(RESET)
    __main                                   0x080000f5   Thumb Code     0  entry.o(.ARM.Collect$$$$00000000)
    _main_stk                                0x080000f5   Thumb Code     0  entry2.o(.ARM.Collect$$$$00000001)
    _main_scatterload                        0x080000f9   Thumb Code     0  entry5.o(.ARM.Collect$$$$00000004)
    __main_after_scatterload                 0x080000fd   Thumb Code     0  entry5.o(.ARM.Collect$$$$00000004)
    _main_clock                              0x080000fd   Thumb Code     0  entry7b.o(.ARM.Collect$$$$00000008)
    _main_cpp_init                           0x080000fd   Thumb Code     0  entry8b.o(.ARM.Collect$$$$0000000A)
    _main_init                               0x080000fd   Thumb Code     0  entry9a.o(.ARM.Collect$$$$0000000B)
    __rt_final_cpp                           0x08000105   Thumb Code     0  entry10a.o(.ARM.Collect$$$$0000000D)
    __rt_final_exit                          0x08000105   Thumb Code     0  entry11a.o(.ARM.Collect$$$$0000000F)
    Reset_Handler                            0x08000109   Thumb Code     8  startup_stm32l1xx_md.o(.text)
    ADC1_IRQHandler                          0x08000123   Thumb Code     0  startup_stm32l1xx_md.o(.text)
    COMP_IRQHandler                          0x08000123   Thumb Code     0  startup_stm32l1xx_md.o(.text)
    DAC_IRQHandler                           0x08000123   Thumb Code     0  startup_stm32l1xx_md.o(.text)
    DMA1_Channel1_IRQHandler                 0x08000123   Thumb Code     0  startup_stm32l1xx_md.o(.text)
    DMA1_Channel2_IRQHandler                 0x08000123   Thumb Code     0  startup_stm32l1xx_md.o(.text)
    DMA1_Channel3_IRQHandler                 0x08000123   Thumb Code     0  startup_stm32l1xx_md.o(.text)
    DMA1_Channel4_IRQHandler                 0x08000123   Thumb Code     0  startup_stm32l1xx_md.o(.text)
    DMA1_Channel5_IRQHandler                 0x08000123   Thumb Code     0  startup_stm32l1xx_md.o(.text)
    DMA1_Channel6_IRQHandler                 0x08000123   Thumb Code     0  startup_stm32l1xx_md.o(.text)
    DMA1_Channel7_IRQHandler                 0x08000123   Thumb Code     0  startup_stm32l1xx_md.o(.text)
    EXTI15_10_IRQHandler                     0x08000123   Thumb Code     0  startup_stm32l1xx_md.o(.text)
    EXTI1_IRQHandler                         0x08000123   Thumb Code     0  startup_stm32l1xx_md.o(.text)
    EXTI2_IRQHandler                         0x08000123   Thumb Code     0  startup_stm32l1xx_md.o(.text)
    EXTI3_IRQHandler                         0x08000123   Thumb Code     0  startup_stm32l1xx_md.o(.text)
    EXTI4_IRQHandler                         0x08000123   Thumb Code     0  startup_stm32l1xx_md.o(.text)
    EXTI9_5_IRQHandler                       0x08000123   Thumb Code     0  startup_stm32l1xx_md.o(.text)
    FLASH_IRQHandler                         0x08000123   Thumb Code     0  startup_stm32l1xx_md.o(.text)
    I2C1_ER_IRQHandler                       0x08000123   Thumb Code     0  startup_stm32l1xx_md.o(.text)
    I2C1_EV_IRQHandler                       0x08000123   Thumb Code     0  startup_stm32l1xx_md.o(.text)
    I2C2_ER_IRQHandler                       0x08000123   Thumb Code     0  startup_stm32l1xx_md.o(.text)
    I2C2_EV_IRQHandler                       0x08000123   Thumb Code     0  startup_stm32l1xx_md.o(.text)
    LCD_IRQHandler                           0x08000123   Thumb Code     0  startup_stm32l1xx_md.o(.text)
    PVD_IRQHandler                           0x08000123   Thumb Code     0  startup_stm32l1xx_md.o(.text)
    RCC_IRQHandler                           0x08000123   Thumb Code     0  startup_stm32l1xx_md.o(.text)
    RTC_Alarm_IRQHandler                     0x08000123   Thumb Code     0  startup_stm32l1xx_md.o(.text)
    RTC_WKUP_IRQHandler                      0x08000123   Thumb Code     0  startup_stm32l1xx_md.o(.text)
    SPI1_IRQHandler                          0x08000123   Thumb Code     0  startup_stm32l1xx_md.o(.text)
    SPI2_IRQHandler                          0x08000123   Thumb Code     0  startup_stm32l1xx_md.o(.text)
    TAMPER_STAMP_IRQHandler                  0x08000123   Thumb Code     0  startup_stm32l1xx_md.o(.text)
    TIM10_IRQHandler                         0x08000123   Thumb Code     0  startup_stm32l1xx_md.o(.text)
    TIM11_IRQHandler                         0x08000123   Thumb Code     0  startup_stm32l1xx_md.o(.text)
    TIM2_IRQHandler                          0x08000123   Thumb Code     0  startup_stm32l1xx_md.o(.text)
    TIM3_IRQHandler                          0x08000123   Thumb Code     0  startup_stm32l1xx_md.o(.text)
    TIM4_IRQHandler                          0x08000123   Thumb Code     0  startup_stm32l1xx_md.o(.text)
    TIM6_IRQHandler                          0x08000123   Thumb Code     0  startup_stm32l1xx_md.o(.text)
    TIM7_IRQHandler                          0x08000123   Thumb Code     0  startup_stm32l1xx_md.o(.text)
    TIM9_IRQHandler                          0x08000123   Thumb Code     0  startup_stm32l1xx_md.o(.text)
    USART1_IRQHandler                        0x08000123   Thumb Code     0  startup_stm32l1xx_md.o(.text)
    USART2_IRQHandler                        0x08000123   Thumb Code     0  startup_stm32l1xx_md.o(.text)
    USART3_IRQHandler                        0x08000123   Thumb Code     0  startup_stm32l1xx_md.o(.text)
    USB_HP_IRQHandler                        0x08000123   Thumb Code     0  startup_stm32l1xx_md.o(.text)
    WWDG_IRQHandler                          0x08000123   Thumb Code     0  startup_stm32l1xx_md.o(.text)
    __scatterload                            0x0800012d   Thumb Code    28  init.o(.text)
    __scatterload_rt2                        0x0800012d   Thumb Code     0  init.o(.text)
    __decompress                             0x08000151   Thumb Code     0  __dczerorl2.o(.text)
    __decompress1                            0x08000151   Thumb Code    86  __dczerorl2.o(.text)
    Long Thumb to Thumb Veneer to FLASH_ProgramHalfPage 0x080001a7   Thumb Code    10  anon$$obj.o(Veneer$$Code)
    BusFault_Handler                         0x080001b1   Thumb Code     2  stm32_it.o(i.BusFault_Handler)
    ByteSwap                                 0x080001b3   Thumb Code    10  usb_regs.o(i.ByteSwap)
    CTR_LP                                   0x080001bd   Thumb Code   318  usb_int.o(i.CTR_LP)
    ClearDTOG_RX                             0x08000319   Thumb Code    36  usb_regs.o(i.ClearDTOG_RX)
    ClearDTOG_TX                             0x08000341   Thumb Code    36  usb_regs.o(i.ClearDTOG_TX)
    Clear_Status_Out                         0x08000369   Thumb Code    28  usb_regs.o(i.Clear_Status_Out)
    DATA_EEPROM_Unlock                       0x08000389   Thumb Code    22  stm32l1xx_flash.o(i.DATA_EEPROM_Unlock)
    DFU_Button_Config                        0x080003ad   Thumb Code    44  hw_config.o(i.DFU_Button_Config)
    DFU_Button_Read                          0x080003dd   Thumb Code    10  hw_config.o(i.DFU_Button_Read)
    DFU_Data_Setup                           0x080003ed   Thumb Code    90  usb_prop.o(i.DFU_Data_Setup)
    DFU_GetConfigDescriptor                  0x08000461   Thumb Code     6  usb_prop.o(i.DFU_GetConfigDescriptor)
    DFU_GetDeviceDescriptor                  0x0800046d   Thumb Code     6  usb_prop.o(i.DFU_GetDeviceDescriptor)
    DFU_GetStringDescriptor                  0x08000479   Thumb Code    24  usb_prop.o(i.DFU_GetStringDescriptor)
    DFU_Get_Interface_Setting                0x08000499   Thumb Code    16  usb_prop.o(i.DFU_Get_Interface_Setting)
    DFU_NoData_Setup                         0x080004a9   Thumb Code   168  usb_prop.o(i.DFU_NoData_Setup)
    DFU_Reset                                0x08000561   Thumb Code   132  usb_prop.o(i.DFU_Reset)
    DFU_SetConfiguration                     0x08000601   Thumb Code    16  usb_prop.o(i.DFU_SetConfiguration)
    DFU_SetDeviceAddress                     0x08000619   Thumb Code     8  usb_prop.o(i.DFU_SetDeviceAddress)
    DFU_Status_In                            0x08000625   Thumb Code     2  usb_prop.o(i.DFU_Status_In)
    DFU_Status_Out                           0x08000629   Thumb Code   136  usb_prop.o(i.DFU_Status_Out)
    DFU_init                                 0x080006c5   Thumb Code    30  usb_prop.o(i.DFU_init)
    DFU_write_crc                            0x080006ed   Thumb Code    50  usb_prop.o(i.DFU_write_crc)
    DNLOAD                                   0x0800072d   Thumb Code    60  usb_prop.o(i.DNLOAD)
    DebugMon_Handler                         0x08000a75   Thumb Code     2  stm32_it.o(i.DebugMon_Handler)
    DispSysInfo                              0x08000a79   Thumb Code    72  main.o(i.DispSysInfo)
    EXTI0_IRQHandler                         0x08000ba5   Thumb Code    40  stm32_it.o(i.EXTI0_IRQHandler)
    EXTI_ClearITPendingBit                   0x08000bd1   Thumb Code     6  stm32l1xx_exti.o(i.EXTI_ClearITPendingBit)
    EXTI_GetITStatus                         0x08000bdd   Thumb Code    28  stm32l1xx_exti.o(i.EXTI_GetITStatus)
    EXTI_Init                                0x08000bfd   Thumb Code   108  stm32l1xx_exti.o(i.EXTI_Init)
    FLASH_ClearFlag                          0x08000c6d   Thumb Code     6  stm32l1xx_flash.o(i.FLASH_ClearFlag)
    FLASH_ErasePage                          0x08000c79   Thumb Code    64  stm32l1xx_flash.o(i.FLASH_ErasePage)
    FLASH_GetStatus                          0x08000cbd   Thumb Code    36  stm32l1xx_flash.o(i.FLASH_GetStatus)
    FLASH_If_Erase                           0x08000ce5   Thumb Code    22  flash_if.o(i.FLASH_If_Erase)
    FLASH_If_Init                            0x08000cfb   Thumb Code     4  flash_if.o(i.FLASH_If_Init)
    FLASH_If_Read                            0x08000cff   Thumb Code     2  flash_if.o(i.FLASH_If_Read)
    FLASH_If_Write                           0x08000d01   Thumb Code   120  flash_if.o(i.FLASH_If_Write)
    FLASH_Unlock                             0x08000d7d   Thumb Code    28  stm32l1xx_flash.o(i.FLASH_Unlock)
    FLASH_WaitForLastOperation               0x08000da5   Thumb Code    58  stm32l1xx_flash.o(i.FLASH_WaitForLastOperation)
    GETSTATE                                 0x08000de1   Thumb Code    18  usb_prop.o(i.GETSTATE)
    GETSTATUS                                0x08000dfd   Thumb Code   136  usb_prop.o(i.GETSTATUS)
    GPIO_Init                                0x08000e99   Thumb Code   158  stm32l1xx_gpio.o(i.GPIO_Init)
    GPIO_PinAFConfig                         0x08000f37   Thumb Code    32  stm32l1xx_gpio.o(i.GPIO_PinAFConfig)
    GPIO_ReadInputDataBit                    0x08000f57   Thumb Code    14  stm32l1xx_gpio.o(i.GPIO_ReadInputDataBit)
    GPIO_SetBits                             0x08000f65   Thumb Code     4  stm32l1xx_gpio.o(i.GPIO_SetBits)
    GetEPRxAddr                              0x08000f69   Thumb Code    22  usb_regs.o(i.GetEPRxAddr)
    GetEPTxAddr                              0x08000f89   Thumb Code    20  usb_regs.o(i.GetEPTxAddr)
    Get_SerialNum                            0x08000fa5   Thumb Code    40  hw_config.o(i.Get_SerialNum)
    HardFault_Handler                        0x08000fd5   Thumb Code     2  stm32_it.o(i.HardFault_Handler)
    In0_Process                              0x08000fd9   Thumb Code    80  usb_core.o(i.In0_Process)
    Leave_LowPowerMode                       0x0800106d   Thumb Code    20  hw_config.o(i.Leave_LowPowerMode)
    MAL_Erase                                0x08001089   Thumb Code    24  dfu_mal.o(i.MAL_Erase)
    MAL_GetStatus                            0x080010a9   Thumb Code    34  dfu_mal.o(i.MAL_GetStatus)
    MAL_Init                                 0x080010d1   Thumb Code    10  dfu_mal.o(i.MAL_Init)
    MAL_Read                                 0x080010dd   Thumb Code    24  dfu_mal.o(i.MAL_Read)
    MAL_Write                                0x080010fd   Thumb Code    24  dfu_mal.o(i.MAL_Write)
    MemManage_Handler                        0x0800111d   Thumb Code     2  stm32_it.o(i.MemManage_Handler)
    NMI_Handler                              0x0800111f   Thumb Code     2  stm32_it.o(i.NMI_Handler)
    NOP_Process                              0x08001121   Thumb Code     2  usb_core.o(i.NOP_Process)
    NVIC_Init                                0x08001125   Thumb Code    96  misc.o(i.NVIC_Init)
    NVIC_PriorityGroupConfig                 0x08001189   Thumb Code    10  misc.o(i.NVIC_PriorityGroupConfig)
    Out0_Process                             0x08001271   Thumb Code    62  usb_core.o(i.Out0_Process)
    PMAToUserBufferCopy                      0x080012b9   Thumb Code    26  usb_mem.o(i.PMAToUserBufferCopy)
    PendSV_Handler                           0x080012d9   Thumb Code     2  stm32_it.o(i.PendSV_Handler)
    Post0_Process                            0x080012dd   Thumb Code    52  usb_core.o(i.Post0_Process)
    PowerOn                                  0x08001321   Thumb Code    36  usb_pwr.o(i.PowerOn)
    RCC_AHBPeriphClockCmd                    0x0800134d   Thumb Code    18  stm32l1xx_rcc.o(i.RCC_AHBPeriphClockCmd)
    RCC_APB1PeriphClockCmd                   0x08001365   Thumb Code    18  stm32l1xx_rcc.o(i.RCC_APB1PeriphClockCmd)
    RCC_APB1PeriphResetCmd                   0x0800137d   Thumb Code    18  stm32l1xx_rcc.o(i.RCC_APB1PeriphResetCmd)
    RCC_APB2PeriphClockCmd                   0x08001395   Thumb Code    18  stm32l1xx_rcc.o(i.RCC_APB2PeriphClockCmd)
    RCC_APB2PeriphResetCmd                   0x080013ad   Thumb Code    18  stm32l1xx_rcc.o(i.RCC_APB2PeriphResetCmd)
    RCC_GetClocksFreq                        0x080013c5   Thumb Code   150  stm32l1xx_rcc.o(i.RCC_GetClocksFreq)
    Reset_Device                             0x0800146d   Thumb Code    30  hw_config.o(i.Reset_Device)
    Resume                                   0x08001495   Thumb Code   140  usb_pwr.o(i.Resume)
    Resume_Init                              0x08001529   Thumb Code    26  usb_pwr.o(i.Resume_Init)
    SVC_Handler                              0x08001549   Thumb Code     2  stm32_it.o(i.SVC_Handler)
    SYSCFG_USBPuCmd                          0x0800154d   Thumb Code    22  stm32l1xx_syscfg.o(i.SYSCFG_USBPuCmd)
    SetDeviceAddress                         0x08001569   Thumb Code    58  usb_core.o(i.SetDeviceAddress)
    SetEPRxCount                             0x080015b1   Thumb Code    54  usb_regs.o(i.SetEPRxCount)
    SetEPRxValid                             0x080015f1   Thumb Code    32  usb_regs.o(i.SetEPRxValid)
    SetEPTxCount                             0x08001615   Thumb Code    20  usb_regs.o(i.SetEPTxCount)
    SetEPTxStatus                            0x08001631   Thumb Code    44  usb_regs.o(i.SetEPTxStatus)
    Set_System                               0x08001725   Thumb Code   102  hw_config.o(i.Set_System)
    Set_USBClock                             0x08001795   Thumb Code     8  hw_config.o(i.Set_USBClock)
    Setup0_Process                           0x0800179d   Thumb Code    92  usb_core.o(i.Setup0_Process)
    Standard_ClearFeature                    0x08001805   Thumb Code   232  usb_core.o(i.Standard_ClearFeature)
    Standard_GetConfiguration                0x08001901   Thumb Code    30  usb_core.o(i.Standard_GetConfiguration)
    Standard_GetDescriptorData               0x08001929   Thumb Code    24  usb_core.o(i.Standard_GetDescriptorData)
    Standard_GetInterface                    0x08001945   Thumb Code    30  usb_core.o(i.Standard_GetInterface)
    Standard_GetStatus                       0x0800196d   Thumb Code   130  usb_core.o(i.Standard_GetStatus)
    Standard_SetConfiguration                0x08001a01   Thumb Code    42  usb_core.o(i.Standard_SetConfiguration)
    Standard_SetDeviceFeature                0x08001a39   Thumb Code    26  usb_core.o(i.Standard_SetDeviceFeature)
    Standard_SetEndPointFeature              0x08001a5d   Thumb Code   118  usb_core.o(i.Standard_SetEndPointFeature)
    Standard_SetInterface                    0x08001ae5   Thumb Code    60  usb_core.o(i.Standard_SetInterface)
    Suspend                                  0x08001b2d   Thumb Code   176  usb_pwr.o(i.Suspend)
    SysTick_Handler                          0x08001bf1   Thumb Code     2  stm32_it.o(i.SysTick_Handler)
    SystemInit                               0x08001bf5   Thumb Code    68  system_stm32l1xx.o(i.SystemInit)
    UPLOAD                                   0x08001c49   Thumb Code   176  usb_prop.o(i.UPLOAD)
    USART1_getch                             0x08001d11   Thumb Code    28  bsp_usart.o(i.USART1_getch)
    USART1_init                              0x08001d31   Thumb Code   166  bsp_usart.o(i.USART1_init)
    USART1_putc                              0x08001df1   Thumb Code    30  bsp_usart.o(i.USART1_putc)
    USART_ClearFlag                          0x08001e15   Thumb Code     6  stm32l1xx_usart.o(i.USART_ClearFlag)
    USART_Cmd                                0x08001e1b   Thumb Code    20  stm32l1xx_usart.o(i.USART_Cmd)
    USART_DeInit                             0x08001e31   Thumb Code    96  stm32l1xx_usart.o(i.USART_DeInit)
    USART_GetFlagStatus                      0x08001ea5   Thumb Code    14  stm32l1xx_usart.o(i.USART_GetFlagStatus)
    USART_Init                               0x08001eb5   Thumb Code   158  stm32l1xx_usart.o(i.USART_Init)
    USART_ReceiveData                        0x08001f59   Thumb Code     8  stm32l1xx_usart.o(i.USART_ReceiveData)
    USART_SendData                           0x08001f61   Thumb Code     8  stm32l1xx_usart.o(i.USART_SendData)
    USB_Cable_Config                         0x08001f69   Thumb Code     8  hw_config.o(i.USB_Cable_Config)
    USB_FS_WKUP_IRQHandler                   0x08001f71   Thumb Code     8  stm32_it.o(i.USB_FS_WKUP_IRQHandler)
    USB_Init                                 0x08001f79   Thumb Code    22  usb_init.o(i.USB_Init)
    USB_Interrupts_Config                    0x08001fa1   Thumb Code    62  hw_config.o(i.USB_Interrupts_Config)
    USB_Istr                                 0x08001fe1   Thumb Code   302  usb_istr.o(i.USB_Istr)
    USB_LP_IRQHandler                        0x08002129   Thumb Code     4  stm32_it.o(i.USB_LP_IRQHandler)
    USB_SIL_Init                             0x0800212d   Thumb Code    24  usb_sil.o(i.USB_SIL_Init)
    UsageFault_Handler                       0x0800214d   Thumb Code     2  stm32_it.o(i.UsageFault_Handler)
    UserToPMABufferCopy                      0x08002151   Thumb Code    38  usb_mem.o(i.UserToPMABufferCopy)
    __scatterload_copy                       0x0800217d   Thumb Code    14  handlers.o(i.__scatterload_copy)
    __scatterload_null                       0x0800218b   Thumb Code     2  handlers.o(i.__scatterload_null)
    __scatterload_zeroinit                   0x0800218d   Thumb Code    14  handlers.o(i.__scatterload_zeroinit)
    main                                     0x0800219d   Thumb Code   108  main.o(i.main)
    xprintf                                  0x0800225d   Thumb Code    18  xprintf.o(i.xprintf)
    xputc                                    0x08002271   Thumb Code    42  xprintf.o(i.xputc)
    xputs                                    0x080022a1   Thumb Code    20  xprintf.o(i.xputs)
    Region$$Table$$Base                      0x08002460   Number         0  anon$$obj.o(Region$$Table)
    Region$$Table$$Limit                     0x08002490   Number         0  anon$$obj.o(Region$$Table)
    FLASH_ProgramHalfPage                    0x20000001   Thumb Code   108  stm32l1xx_flash_ramfunc.o(i.FLASH_ProgramHalfPage)
    pMAL_Erase                               0x200000d4   Data           4  dfu_mal.o(.data)
    pMAL_Write                               0x200000d8   Data           4  dfu_mal.o(.data)
    pMAL_Read                                0x200000dc   Data           4  dfu_mal.o(.data)
    EXTI_InitStructure                       0x200000e0   Data           8  hw_config.o(.data)
    DeviceState                              0x200000e8   Data           1  main.o(.data)
    Jump_To_Application                      0x200000ec   Data           4  main.o(.data)
    JumpAddress                              0x200000f0   Data           4  main.o(.data)
    DeviceStatus                             0x200000f4   Data           6  main.o(.data)
    DFU_DeviceDescriptor                     0x200000fa   Data          18  usb_desc.o(.data)
    DFU_ConfigDescriptor                     0x2000010c   Data          27  usb_desc.o(.data)
    DFU_StringLangId                         0x20000127   Data           4  usb_desc.o(.data)
    DFU_StringVendor                         0x2000012b   Data          38  usb_desc.o(.data)
    DFU_StringProduct                        0x20000151   Data          20  usb_desc.o(.data)
    DFU_StringSerial                         0x20000165   Data          26  usb_desc.o(.data)
    DFU_StringInterface0                     0x2000017f   Data          98  usb_desc.o(.data)
    bIntPackSOF                              0x200001e4   Data           1  usb_istr.o(.data)
    wIstr                                    0x200001e6   Data           2  usb_istr.o(.data)
    esof_counter                             0x200001e8   Data           4  usb_istr.o(.data)
    wCNTR                                    0x200001ec   Data           4  usb_istr.o(.data)
    pEpInt_IN                                0x200001f0   Data          28  usb_istr.o(.data)
    pEpInt_OUT                               0x2000020c   Data          28  usb_istr.o(.data)
    wBlockNum                                0x20000228   Data           4  usb_prop.o(.data)
    wlength                                  0x2000022c   Data           4  usb_prop.o(.data)
    Manifest_State                           0x20000230   Data           4  usb_prop.o(.data)
    Pointer                                  0x20000234   Data           4  usb_prop.o(.data)
    Device_Descriptor                        0x20000238   Data           8  usb_prop.o(.data)
    Config_Descriptor                        0x20000240   Data           8  usb_prop.o(.data)
    Device_Property                          0x20000248   Data          48  usb_prop.o(.data)
    DFU_String_Descriptor                    0x20000278   Data          40  usb_prop.o(.data)
    Device_Table                             0x200002a0   Data           2  usb_prop.o(.data)
    User_Standard_Requests                   0x200002a4   Data          36  usb_prop.o(.data)
    bDeviceState                             0x200002c8   Data           4  usb_pwr.o(.data)
    fSuspendEnabled                          0x200002cc   Data           1  usb_pwr.o(.data)
    ResumeS                                  0x200002d0   Data           2  usb_pwr.o(.data)
    remotewakeupon                           0x200002d4   Data           4  usb_pwr.o(.data)
    xfunc_out                                0x200002d8   Data           4  xprintf.o(.data)
    xfunc_in                                 0x200002e0   Data           4  xprintf.o(.data)
    Data_Mul_MaxPacketSize                   0x200002e4   Data           1  usb_core.o(.data)
    StatusInfo                               0x200002e6   Data           2  usb_core.o(.data)
    EPindex                                  0x200002e8   Data           1  usb_init.o(.data)
    pInformation                             0x200002ec   Data           4  usb_init.o(.data)
    pProperty                                0x200002f0   Data           4  usb_init.o(.data)
    pUser_Standard_Requests                  0x200002f4   Data           4  usb_init.o(.data)
    wInterrupt_Mask                          0x200002f8   Data           2  usb_init.o(.data)
    SaveRState                               0x200002fa   Data           2  usb_int.o(.data)
    SaveTState                               0x200002fc   Data           2  usb_int.o(.data)
    MAL_Buffer                               0x20000318   Data        1024  dfu_mal.o(.bss)
    EP                                       0x20000718   Data          32  usb_pwr.o(.bss)
    Device_Info                              0x20000738   Data          28  usb_init.o(.bss)
    __initial_sp                             0x20000b58   Data           0  startup_stm32l1xx_md.o(STACK)



==============================================================================

Memory Map of the image

  Image Entry point : 0x080000f5

  Load Region LR_IROM1 (Base: 0x08000000, Size: 0x000027a8, Max: 0x00003000, ABSOLUTE, COMPRESSED[0x00002688])

    Execution Region ER_IROM1 (Base: 0x08000000, Size: 0x00002490, Max: 0x00003000, ABSOLUTE)

    Base Addr    Size         Type   Attr      Idx    E Section Name        Object

    0x08000000   0x000000f4   Data   RO         2698    RESET               startup_stm32l1xx_md.o
    0x080000f4   0x00000000   Code   RO         2703  * .ARM.Collect$$$$00000000  mc_w.l(entry.o)
    0x080000f4   0x00000004   Code   RO         2706    .ARM.Collect$$$$00000001  mc_w.l(entry2.o)
    0x080000f8   0x00000004   Code   RO         2709    .ARM.Collect$$$$00000004  mc_w.l(entry5.o)
    0x080000fc   0x00000000   Code   RO         2711    .ARM.Collect$$$$00000008  mc_w.l(entry7b.o)
    0x080000fc   0x00000000   Code   RO         2713    .ARM.Collect$$$$0000000A  mc_w.l(entry8b.o)
    0x080000fc   0x00000008   Code   RO         2714    .ARM.Collect$$$$0000000B  mc_w.l(entry9a.o)
    0x08000104   0x00000000   Code   RO         2716    .ARM.Collect$$$$0000000D  mc_w.l(entry10a.o)
    0x08000104   0x00000000   Code   RO         2718    .ARM.Collect$$$$0000000F  mc_w.l(entry11a.o)
    0x08000104   0x00000004   Code   RO         2707    .ARM.Collect$$$$00002712  mc_w.l(entry2.o)
    0x08000108   0x00000024   Code   RO         2699    .text               startup_stm32l1xx_md.o
    0x0800012c   0x00000024   Code   RO         2720    .text               mc_w.l(init.o)
    0x08000150   0x00000056   Code   RO         2730    .text               mc_w.l(__dczerorl2.o)
    0x080001a6   0x0000000a   Ven    RO         2732    Veneer$$Code        anon$$obj.o
    0x080001b0   0x00000002   Code   RO          656    i.BusFault_Handler  stm32_it.o
    0x080001b2   0x0000000a   Code   RO         1081    i.ByteSwap          usb_regs.o
    0x080001bc   0x0000015c   Code   RO         1018    i.CTR_LP            usb_int.o
    0x08000318   0x00000028   Code   RO         1082    i.ClearDTOG_RX      usb_regs.o
    0x08000340   0x00000028   Code   RO         1083    i.ClearDTOG_TX      usb_regs.o
    0x08000368   0x00000020   Code   RO         1088    i.Clear_Status_Out  usb_regs.o
    0x08000388   0x00000024   Code   RO         1742    i.DATA_EEPROM_Unlock  stm32l1xx_flash.o
    0x080003ac   0x00000030   Code   RO          282    i.DFU_Button_Config  hw_config.o
    0x080003dc   0x00000010   Code   RO          283    i.DFU_Button_Read   hw_config.o
    0x080003ec   0x00000074   Code   RO          473    i.DFU_Data_Setup    usb_prop.o
    0x08000460   0x0000000c   Code   RO          474    i.DFU_GetConfigDescriptor  usb_prop.o
    0x0800046c   0x0000000c   Code   RO          475    i.DFU_GetDeviceDescriptor  usb_prop.o
    0x08000478   0x00000020   Code   RO          476    i.DFU_GetStringDescriptor  usb_prop.o
    0x08000498   0x00000010   Code   RO          477    i.DFU_Get_Interface_Setting  usb_prop.o
    0x080004a8   0x000000b8   Code   RO          478    i.DFU_NoData_Setup  usb_prop.o
    0x08000560   0x000000a0   Code   RO          479    i.DFU_Reset         usb_prop.o
    0x08000600   0x00000018   Code   RO          480    i.DFU_SetConfiguration  usb_prop.o
    0x08000618   0x0000000c   Code   RO          481    i.DFU_SetDeviceAddress  usb_prop.o
    0x08000624   0x00000002   Code   RO          482    i.DFU_Status_In     usb_prop.o
    0x08000626   0x00000002   PAD
    0x08000628   0x0000009c   Code   RO          483    i.DFU_Status_Out    usb_prop.o
    0x080006c4   0x00000028   Code   RO          484    i.DFU_init          usb_prop.o
    0x080006ec   0x00000040   Code   RO          485    i.DFU_write_crc     usb_prop.o
    0x0800072c   0x00000054   Code   RO          486    i.DNLOAD            usb_prop.o
    0x08000780   0x000000b4   Code   RO          856    i.DataStageIn       usb_core.o
    0x08000834   0x000000a4   Code   RO          857    i.DataStageOut      usb_core.o
    0x080008d8   0x0000019c   Code   RO          858    i.Data_Setup0       usb_core.o
    0x08000a74   0x00000002   Code   RO          657    i.DebugMon_Handler  stm32_it.o
    0x08000a76   0x00000002   PAD
    0x08000a78   0x0000012c   Code   RO          373    i.DispSysInfo       main.o
    0x08000ba4   0x0000002c   Code   RO          658    i.EXTI0_IRQHandler  stm32_it.o
    0x08000bd0   0x0000000c   Code   RO         1670    i.EXTI_ClearITPendingBit  stm32l1xx_exti.o
    0x08000bdc   0x00000020   Code   RO         1674    i.EXTI_GetITStatus  stm32l1xx_exti.o
    0x08000bfc   0x00000070   Code   RO         1675    i.EXTI_Init         stm32l1xx_exti.o
    0x08000c6c   0x0000000c   Code   RO         1743    i.FLASH_ClearFlag   stm32l1xx_flash.o
    0x08000c78   0x00000044   Code   RO         1744    i.FLASH_ErasePage   stm32l1xx_flash.o
    0x08000cbc   0x00000028   Code   RO         1747    i.FLASH_GetStatus   stm32l1xx_flash.o
    0x08000ce4   0x00000016   Code   RO          236    i.FLASH_If_Erase    flash_if.o
    0x08000cfa   0x00000004   Code   RO          237    i.FLASH_If_Init     flash_if.o
    0x08000cfe   0x00000002   Code   RO          238    i.FLASH_If_Read     flash_if.o
    0x08000d00   0x0000007c   Code   RO          239    i.FLASH_If_Write    flash_if.o
    0x08000d7c   0x00000028   Code   RO         1770    i.FLASH_Unlock      stm32l1xx_flash.o
    0x08000da4   0x0000003a   Code   RO         1771    i.FLASH_WaitForLastOperation  stm32l1xx_flash.o
    0x08000dde   0x00000002   PAD
    0x08000de0   0x0000001c   Code   RO          487    i.GETSTATE          usb_prop.o
    0x08000dfc   0x0000009c   Code   RO          488    i.GETSTATUS         usb_prop.o
    0x08000e98   0x0000009e   Code   RO         2050    i.GPIO_Init         stm32l1xx_gpio.o
    0x08000f36   0x00000020   Code   RO         2051    i.GPIO_PinAFConfig  stm32l1xx_gpio.o
    0x08000f56   0x0000000e   Code   RO         2054    i.GPIO_ReadInputDataBit  stm32l1xx_gpio.o
    0x08000f64   0x00000004   Code   RO         2058    i.GPIO_SetBits      stm32l1xx_gpio.o
    0x08000f68   0x00000020   Code   RO         1100    i.GetEPRxAddr       usb_regs.o
    0x08000f88   0x0000001c   Code   RO         1103    i.GetEPTxAddr       usb_regs.o
    0x08000fa4   0x00000030   Code   RO          285    i.Get_SerialNum     hw_config.o
    0x08000fd4   0x00000002   Code   RO          659    i.HardFault_Handler  stm32_it.o
    0x08000fd6   0x00000002   PAD
    0x08000fd8   0x0000005c   Code   RO          859    i.In0_Process       usb_core.o
    0x08001034   0x00000038   Code   RO          286    i.IntToUnicode      hw_config.o
    0x0800106c   0x0000001c   Code   RO          287    i.Leave_LowPowerMode  hw_config.o
    0x08001088   0x00000020   Code   RO          136    i.MAL_Erase         dfu_mal.o
    0x080010a8   0x00000028   Code   RO          137    i.MAL_GetStatus     dfu_mal.o
    0x080010d0   0x0000000a   Code   RO          138    i.MAL_Init          dfu_mal.o
    0x080010da   0x00000002   PAD
    0x080010dc   0x00000020   Code   RO          139    i.MAL_Read          dfu_mal.o
    0x080010fc   0x00000020   Code   RO          140    i.MAL_Write         dfu_mal.o
    0x0800111c   0x00000002   Code   RO          660    i.MemManage_Handler  stm32_it.o
    0x0800111e   0x00000002   Code   RO          661    i.NMI_Handler       stm32_it.o
    0x08001120   0x00000002   Code   RO          860    i.NOP_Process       usb_core.o
    0x08001122   0x00000002   PAD
    0x08001124   0x00000064   Code   RO            3    i.NVIC_Init         misc.o
    0x08001188   0x00000014   Code   RO            4    i.NVIC_PriorityGroupConfig  misc.o
    0x0800119c   0x000000d4   Code   RO          861    i.NoData_Setup0     usb_core.o
    0x08001270   0x00000048   Code   RO          862    i.Out0_Process      usb_core.o
    0x080012b8   0x00000020   Code   RO         1055    i.PMAToUserBufferCopy  usb_mem.o
    0x080012d8   0x00000002   Code   RO          662    i.PendSV_Handler    stm32_it.o
    0x080012da   0x00000002   PAD
    0x080012dc   0x00000044   Code   RO          863    i.Post0_Process     usb_core.o
    0x08001320   0x0000002c   Code   RO          604    i.PowerOn           usb_pwr.o
    0x0800134c   0x00000018   Code   RO         2245    i.RCC_AHBPeriphClockCmd  stm32l1xx_rcc.o
    0x08001364   0x00000018   Code   RO         2248    i.RCC_APB1PeriphClockCmd  stm32l1xx_rcc.o
    0x0800137c   0x00000018   Code   RO         2250    i.RCC_APB1PeriphResetCmd  stm32l1xx_rcc.o
    0x08001394   0x00000018   Code   RO         2251    i.RCC_APB2PeriphClockCmd  stm32l1xx_rcc.o
    0x080013ac   0x00000018   Code   RO         2253    i.RCC_APB2PeriphResetCmd  stm32l1xx_rcc.o
    0x080013c4   0x000000a8   Code   RO         2260    i.RCC_GetClocksFreq  stm32l1xx_rcc.o
    0x0800146c   0x00000028   Code   RO          288    i.Reset_Device      hw_config.o
    0x08001494   0x00000094   Code   RO          605    i.Resume            usb_pwr.o
    0x08001528   0x00000020   Code   RO          606    i.Resume_Init       usb_pwr.o
    0x08001548   0x00000002   Code   RO          663    i.SVC_Handler       stm32_it.o
    0x0800154a   0x00000002   PAD
    0x0800154c   0x0000001c   Code   RO         2501    i.SYSCFG_USBPuCmd   stm32l1xx_syscfg.o
    0x08001568   0x00000048   Code   RO          864    i.SetDeviceAddress  usb_core.o
    0x080015b0   0x00000040   Code   RO         1126    i.SetEPRxCount      usb_regs.o
    0x080015f0   0x00000024   Code   RO         1128    i.SetEPRxValid      usb_regs.o
    0x08001614   0x0000001c   Code   RO         1130    i.SetEPTxCount      usb_regs.o
    0x08001630   0x00000030   Code   RO         1131    i.SetEPTxStatus     usb_regs.o
    0x08001660   0x000000c4   Code   RO         2661    i.SetSysClock       system_stm32l1xx.o
    0x08001724   0x00000070   Code   RO          289    i.Set_System        hw_config.o
    0x08001794   0x00000008   Code   RO          290    i.Set_USBClock      hw_config.o
    0x0800179c   0x00000068   Code   RO          865    i.Setup0_Process    usb_core.o
    0x08001804   0x000000fc   Code   RO          866    i.Standard_ClearFeature  usb_core.o
    0x08001900   0x00000028   Code   RO          867    i.Standard_GetConfiguration  usb_core.o
    0x08001928   0x0000001c   Code   RO          868    i.Standard_GetDescriptorData  usb_core.o
    0x08001944   0x00000028   Code   RO          869    i.Standard_GetInterface  usb_core.o
    0x0800196c   0x00000094   Code   RO          870    i.Standard_GetStatus  usb_core.o
    0x08001a00   0x00000038   Code   RO          871    i.Standard_SetConfiguration  usb_core.o
    0x08001a38   0x00000024   Code   RO          872    i.Standard_SetDeviceFeature  usb_core.o
    0x08001a5c   0x00000088   Code   RO          873    i.Standard_SetEndPointFeature  usb_core.o
    0x08001ae4   0x00000048   Code   RO          874    i.Standard_SetInterface  usb_core.o
    0x08001b2c   0x000000c4   Code   RO          607    i.Suspend           usb_pwr.o
    0x08001bf0   0x00000002   Code   RO          664    i.SysTick_Handler   stm32_it.o
    0x08001bf2   0x00000002   PAD
    0x08001bf4   0x00000054   Code   RO         2663    i.SystemInit        system_stm32l1xx.o
    0x08001c48   0x000000c8   Code   RO          489    i.UPLOAD            usb_prop.o
    0x08001d10   0x00000020   Code   RO          745    i.USART1_getch      bsp_usart.o
    0x08001d30   0x000000c0   Code   RO          746    i.USART1_init       bsp_usart.o
    0x08001df0   0x00000024   Code   RO          747    i.USART1_putc       bsp_usart.o
    0x08001e14   0x00000006   Code   RO         1481    i.USART_ClearFlag   stm32l1xx_usart.o
    0x08001e1a   0x00000014   Code   RO         1485    i.USART_Cmd         stm32l1xx_usart.o
    0x08001e2e   0x00000002   PAD
    0x08001e30   0x00000074   Code   RO         1487    i.USART_DeInit      stm32l1xx_usart.o
    0x08001ea4   0x0000000e   Code   RO         1488    i.USART_GetFlagStatus  stm32l1xx_usart.o
    0x08001eb2   0x00000002   PAD
    0x08001eb4   0x000000a4   Code   RO         1492    i.USART_Init        stm32l1xx_usart.o
    0x08001f58   0x00000008   Code   RO         1499    i.USART_ReceiveData  stm32l1xx_usart.o
    0x08001f60   0x00000008   Code   RO         1502    i.USART_SendData    stm32l1xx_usart.o
    0x08001f68   0x00000008   Code   RO          291    i.USB_Cable_Config  hw_config.o
    0x08001f70   0x00000008   Code   RO          665    i.USB_FS_WKUP_IRQHandler  stm32_it.o
    0x08001f78   0x00000028   Code   RO          983    i.USB_Init          usb_init.o
    0x08001fa0   0x0000003e   Code   RO          292    i.USB_Interrupts_Config  hw_config.o
    0x08001fde   0x00000002   PAD
    0x08001fe0   0x00000148   Code   RO          442    i.USB_Istr          usb_istr.o
    0x08002128   0x00000004   Code   RO          666    i.USB_LP_IRQHandler  stm32_it.o
    0x0800212c   0x00000020   Code   RO         1449    i.USB_SIL_Init      usb_sil.o
    0x0800214c   0x00000002   Code   RO          667    i.UsageFault_Handler  stm32_it.o
    0x0800214e   0x00000002   PAD
    0x08002150   0x0000002c   Code   RO         1056    i.UserToPMABufferCopy  usb_mem.o
    0x0800217c   0x0000000e   Code   RO         2724    i.__scatterload_copy  mc_w.l(handlers.o)
    0x0800218a   0x00000002   Code   RO         2725    i.__scatterload_null  mc_w.l(handlers.o)
    0x0800218c   0x0000000e   Code   RO         2726    i.__scatterload_zeroinit  mc_w.l(handlers.o)
    0x0800219a   0x00000002   PAD
    0x0800219c   0x000000c0   Code   RO          374    i.main              main.o
    0x0800225c   0x00000012   Code   RO          781    i.xprintf           xprintf.o
    0x0800226e   0x00000002   PAD
    0x08002270   0x00000030   Code   RO          782    i.xputc             xprintf.o
    0x080022a0   0x00000014   Code   RO          783    i.xputs             xprintf.o
    0x080022b4   0x00000198   Code   RO          785    i.xvprintf          xprintf.o
    0x0800244c   0x00000014   Data   RO          142    .constdata          dfu_mal.o
    0x08002460   0x00000030   Data   RO         2722    Region$$Table       anon$$obj.o


    Execution Region RW_IRAM1 (Base: 0x20000000, Size: 0x00000b58, Max: 0x00004000, ABSOLUTE, COMPRESSED[0x00000124])

    Base Addr    Size         Type   Attr      Idx    E Section Name        Object

    0x20000000   0x00000070   Code   RO         1992    i.FLASH_ProgramHalfPage  stm32l1xx_flash_ramfunc.o
    0x20000070   0x00000028   Code   RO         1995    i.GetStatus         stm32l1xx_flash_ramfunc.o
    0x20000098   0x0000003a   Code   RO         1996    i.WaitForLastOperation  stm32l1xx_flash_ramfunc.o
    0x200000d2   0x00000002   PAD
    0x200000d4   0x0000000c   Data   RW          144    .data               dfu_mal.o
    0x200000e0   0x00000008   Data   RW          294    .data               hw_config.o
    0x200000e8   0x00000012   Data   RW          375    .data               main.o
    0x200000fa   0x00000012   Data   RW          415    .data               usb_desc.o
    0x2000010c   0x0000001b   Data   RW          416    .data               usb_desc.o
    0x20000127   0x00000004   Data   RW          417    .data               usb_desc.o
    0x2000012b   0x00000026   Data   RW          418    .data               usb_desc.o
    0x20000151   0x00000014   Data   RW          419    .data               usb_desc.o
    0x20000165   0x0000001a   Data   RW          420    .data               usb_desc.o
    0x2000017f   0x00000062   Data   RW          421    .data               usb_desc.o
    0x200001e1   0x00000003   PAD
    0x200001e4   0x0000000c   Data   RW          443    .data               usb_istr.o
    0x200001f0   0x0000001c   Data   RW          444    .data               usb_istr.o
    0x2000020c   0x0000001c   Data   RW          445    .data               usb_istr.o
    0x20000228   0x00000078   Data   RW          490    .data               usb_prop.o
    0x200002a0   0x00000002   Data   RW          491    .data               usb_prop.o
    0x200002a2   0x00000002   PAD
    0x200002a4   0x00000024   Data   RW          492    .data               usb_prop.o
    0x200002c8   0x00000004   Data   RW          609    .data               usb_pwr.o
    0x200002cc   0x00000001   Data   RW          610    .data               usb_pwr.o
    0x200002cd   0x00000003   PAD
    0x200002d0   0x00000008   Data   RW          611    .data               usb_pwr.o
    0x200002d8   0x0000000c   Data   RW          786    .data               xprintf.o
    0x200002e4   0x00000004   Data   RW          875    .data               usb_core.o
    0x200002e8   0x00000001   Data   RW          985    .data               usb_init.o
    0x200002e9   0x00000003   PAD
    0x200002ec   0x0000000c   Data   RW          986    .data               usb_init.o
    0x200002f8   0x00000002   Data   RW          988    .data               usb_init.o
    0x200002fa   0x00000004   Data   RW         1019    .data               usb_int.o
    0x200002fe   0x00000019   Data   RW         2283    .data               stm32l1xx_rcc.o
    0x20000317   0x00000001   PAD
    0x20000318   0x00000400   Zero   RW          141    .bss                dfu_mal.o
    0x20000718   0x00000020   Zero   RW          608    .bss                usb_pwr.o
    0x20000738   0x0000001c   Zero   RW          984    .bss                usb_init.o
    0x20000754   0x00000004   PAD
    0x20000758   0x00000400   Zero   RW         2696    STACK               startup_stm32l1xx_md.o


==============================================================================

Image component sizes


      Code (inc. data)   RO Data    RW Data    ZI Data      Debug   Object Name

       260         36          0          0          0       1523   bsp_usart.o
       146         30         20         12       1024       6477   dfu_mal.o
       152          4          0          0          0       2406   flash_if.o
       426         46          0          8          0      28986   hw_config.o
       492        312          0         18          0       3164   main.o
       120         14          0          0          0     213311   misc.o
        36          8        244          0       1024        864   startup_stm32l1xx_md.o
        74          4          0          0          0       4770   stm32_it.o
       156         14          0          0          0       2096   stm32l1xx_exti.o
       254         40          0          0          0       4161   stm32l1xx_flash.o
       210          8          0          0          0       2272   stm32l1xx_flash_ramfunc.o
       208          0          0          0          0       2706   stm32l1xx_gpio.o
       288         48          0         25          0       5324   stm32l1xx_rcc.o
        28          6          0          0          0        518   stm32l1xx_syscfg.o
       336         26          0          0          0       4701   stm32l1xx_usart.o
       280         28          0          0          0       1401   system_stm32l1xx.o
      2186        284          0          4          0      13807   usb_core.o
         0          0          0        231          0        886   usb_desc.o
        40         18          0         15         28       4058   usb_init.o
       348         30          0          4          0       1596   usb_int.o
       328         26          0         68          0       1499   usb_istr.o
        76         12          0          0          0       1564   usb_mem.o
      1298        224          0        158          0      12741   usb_prop.o
       420         48          0         13         32       3436   usb_pwr.o
       358         56          0          0          0       5427   usb_regs.o
        32          8          0          0          0        483   usb_sil.o
       494          6          0         12          0       3601   xprintf.o

    ----------------------------------------------------------------------
      9086       1336        312        580       2112     333778   Object Totals
        10          0         48          0          0          0   (incl. Generated)
        30          0          0         12          4          0   (incl. Padding)

    ----------------------------------------------------------------------

      Code (inc. data)   RO Data    RW Data    ZI Data      Debug   Library Member Name

        86          0          0          0          0          0   __dczerorl2.o
         0          0          0          0          0          0   entry.o
         0          0          0          0          0          0   entry10a.o
         0          0          0          0          0          0   entry11a.o
         8          4          0          0          0          0   entry2.o
         4          0          0          0          0          0   entry5.o
         0          0          0          0          0          0   entry7b.o
         0          0          0          0          0          0   entry8b.o
         8          4          0          0          0          0   entry9a.o
        30          0          0          0          0          0   handlers.o
        36          8          0          0          0         68   init.o

    ----------------------------------------------------------------------
       174         16          0          0          0         68   Library Totals
         2          0          0          0          0          0   (incl. Padding)

    ----------------------------------------------------------------------

      Code (inc. data)   RO Data    RW Data    ZI Data      Debug   Library Name

       172         16          0          0          0         68   mc_w.l

    ----------------------------------------------------------------------
       174         16          0          0          0         68   Library Totals

    ----------------------------------------------------------------------

==============================================================================


      Code (inc. data)   RO Data    RW Data    ZI Data      Debug   

      9260       1352        312        580       2112     327682   Grand Totals
      9260       1352        312        292       2112     327682   ELF Image Totals (compressed)
      9260       1352        312        292          0          0   ROM Totals

==============================================================================

    Total RO  Size (Code + RO Data)                 9572 (   9.35kB)
    Total RW  Size (RW Data + ZI Data)              2692 (   2.63kB)
    Total ROM Size (Code + RO Data + RW Data)       9864 (   9.63kB)

==============================================================================

